[2025-11-27 17:22:51] [m4a] Script called with argument: C:\Users\s.tabatabaei\Downloads\چالش_ساخت_جستجوگر_هوشمند_علوم_عقلی.m4a
[2025-11-27 17:22:51] [m4a] Starting conversion. Input='C:\Users\s.tabatabaei\Downloads\چالش_ساخت_جستجوگر_هوشمند_علوم_عقلی.m4a' Output='C:\Users\s.tabatabaei\Downloads\چالش_ساخت_جستجوگر_هوشمند_علوم_عقلی.mp3'
[2025-11-27 17:22:51] [m4a] Running command: ffmpeg -y -i C:\Users\s.tabatabaei\Downloads\چالش_ساخت_جستجوگر_هوشمند_علوم_عقلی.m4a C:\Users\s.tabatabaei\Downloads\چالش_ساخت_جستجوگر_هوشمند_علوم_عقلی.mp3
[2025-11-27 17:22:51] [m4a] Exception during conversion:
[2025-11-27 17:22:51] [m4a] Traceback (most recent call last):
  File "C:\Users\s.tabatabaei\Documents\saberprojects\windows-rightclick-mp4-to-mp3\convert-m4a-to-mp3\convert_m4a_to_mp3.py", line 43, in convert_m4a_to_mp3
    result = subprocess.run(
        command,
        capture_output=True,
        text=True,
    )
  File "C:\Users\s.tabatabaei\AppData\Local\Python\pythoncore-3.14-64\Lib\subprocess.py", line 554, in run
    with Popen(*popenargs, **kwargs) as process:
         ~~~~~^^^^^^^^^^^^^^^^^^^^^^
  File "C:\Users\s.tabatabaei\AppData\Local\Python\pythoncore-3.14-64\Lib\subprocess.py", line 1038, in __init__
    self._execute_child(args, executable, preexec_fn, close_fds,
    ~~~~~~~~~~~~~~~~~~~^^^^^^^^^^^^^^^^^^^^^^^^^^^^^^^^^^^^^^^^^
                        pass_fds, cwd, env,
                        ^^^^^^^^^^^^^^^^^^^
    ...<5 lines>...
                        gid, gids, uid, umask,
                        ^^^^^^^^^^^^^^^^^^^^^^
                        start_new_session, process_group)
                        ^^^^^^^^^^^^^^^^^^^^^^^^^^^^^^^^^
  File "C:\Users\s.tabatabaei\AppData\Local\Python\pythoncore-3.14-64\Lib\subprocess.py", line 1552, in _execute_child
    hp, ht, pid, tid = _winapi.CreateProcess(executable, args,
                       ~~~~~~~~~~~~~~~~~~~~~^^^^^^^^^^^^^^^^^^
                             # no special security
                             ^^^^^^^^^^^^^^^^^^^^^
    ...<4 lines>...
                             cwd,
                             ^^^^
                             startupinfo)
                             ^^^^^^^^^^^^
FileNotFoundError: [WinError 2] The system cannot find the file specified

[2025-11-27 17:35:56] [m4a] Script called with argument: C:\Users\s.tabatabaei\Downloads\چالش_ساخت_جستجوگر_هوشمند_علوم_عقلی.m4a
[2025-11-27 17:35:56] [m4a] Starting conversion. Input='C:\Users\s.tabatabaei\Downloads\چالش_ساخت_جستجوگر_هوشمند_علوم_عقلی.m4a' Output='C:\Users\s.tabatabaei\Downloads\چالش_ساخت_جستجوگر_هوشمند_علوم_عقلی.mp3'
[2025-11-27 17:35:56] [m4a] Running command: C:\Program Files (x86)\FastPCTools\Fast Screen Recorder\ffmpeg.exe -y -i C:\Users\s.tabatabaei\Downloads\چالش_ساخت_جستجوگر_هوشمند_علوم_عقلی.m4a C:\Users\s.tabatabaei\Downloads\چالش_ساخت_جستجوگر_هوشمند_علوم_عقلی.mp3
[2025-11-27 17:36:12] [m4a] ffmpeg return code: 0
[2025-11-27 17:36:12] [m4a] ffmpeg stderr:
[2025-11-27 17:36:12] [m4a] ffmpeg version N-93397-gf8075b2c91 Copyright (c) 2000-2019 the FFmpeg developers
  built with gcc 8.2.1 (GCC) 20190212
  configuration: --enable-gpl --enable-version3 --enable-sdl2 --enable-fontconfig --enable-gnutls --enable-iconv --enable-libass --enable-libdav1d --enable-libbluray --enable-libfreetype --enable-libmp3lame --enable-libopencore-amrnb --enable-libopencore-amrwb --enable-libopenjpeg --enable-libopus --enable-libshine --enable-libsnappy --enable-libsoxr --enable-libtheora --enable-libtwolame --enable-libvpx --enable-libwavpack --enable-libwebp --enable-libx264 --enable-libx265 --enable-libxml2 --enable-libzimg --enable-lzma --enable-zlib --enable-gmp --enable-libvidstab --enable-libvorbis --enable-libvo-amrwbenc --enable-libmysofa --enable-libspeex --enable-libxvid --enable-libaom --enable-libmfx --enable-amf --enable-ffnvcodec --enable-cuvid --enable-d3d11va --enable-nvenc --enable-nvdec --enable-dxva2 --enable-avisynth --enable-libopenmpt
  libavutil      56. 26.100 / 56. 26.100
  libavcodec     58. 47.103 / 58. 47.103
  libavformat    58. 26.101 / 58. 26.101
  libavdevice    58.  6.101 / 58.  6.101
  libavfilter     7. 48.100 /  7. 48.100
  libswscale      5.  4.100 /  5.  4.100
  libswresample   3.  4.100 /  3.  4.100
  libpostproc    55.  4.100 / 55.  4.100
Input #0, mov,mp4,m4a,3gp,3g2,mj2, from 'C:\Users\s.tabatabaei\Downloads\ع†ط§ظ„ط´_ط³ط§ط®طھ_ط¬ط³طھط¬ظˆع¯ط±_ظ‡ظˆط´ظ…ظ†ط¯_ط¹ظ„ظˆظ…_ط¹ظ‚ظ„غŒ.m4a':
  Metadata:
    major_brand     : dash
    minor_version   : 0
    compatible_brands: iso6mp41
    creation_time   : 2025-11-26T16:05:45.000000Z
    encoder         : Google
  Duration: 00:19:37.46, start: 0.000000, bitrate: 257 kb/s
    Stream #0:0(und): Audio: aac (LC) (mp4a / 0x6134706D), 44100 Hz, stereo, fltp, 2 kb/s (default)
    Metadata:
      creation_time   : 2025-11-26T16:05:45.000000Z
      handler_name    : ISO Media file produced by Google Inc.
Stream mapping:
  Stream #0:0 -> #0:0 (aac (native) -> mp3 (libmp3lame))
Press [q] to stop, [?] for help
Output #0, mp3, to 'C:\Users\s.tabatabaei\Downloads\ع†ط§ظ„ط´_ط³ط§ط®طھ_ط¬ط³طھط¬ظˆع¯ط±_ظ‡ظˆط´ظ…ظ†ط¯_ط¹ظ„ظˆظ…_ط¹ظ‚ظ„غŒ.mp3':
  Metadata:
    major_brand     : dash
    minor_version   : 0
    compatible_brands: iso6mp41
    TSSE            : Lavf58.26.101
    Stream #0:0(und): Audio: mp3 (libmp3lame), 44100 Hz, stereo, fltp (default)
    Metadata:
      creation_time   : 2025-11-26T16:05:45.000000Z
      handler_name    : ISO Media file produced by Google Inc.
      encoder         : Lavc58.47.103 libmp3lame
size=     512kB time=00:00:46.13 bitrate=  90.9kbits/s speed=91.8x    
size=    1280kB time=00:01:37.85 bitrate= 107.2kbits/s speed=97.6x    
size=    2304kB time=00:02:30.07 bitrate= 125.8kbits/s speed=99.8x    
size=    3072kB time=00:03:18.68 bitrate= 126.7kbits/s speed=99.1x    
size=    3840kB time=00:04:10.88 bitrate= 125.4kbits/s speed=100x    
size=    4608kB time=00:05:01.87 bitrate= 125.0kbits/s speed=100x    
size=    5376kB time=00:05:53.49 bitrate= 124.6kbits/s speed= 101x    
size=    6144kB time=00:06:42.36 bitrate= 125.1kbits/s speed=100x    
size=    6912kB time=00:07:29.12 bitrate= 126.1kbits/s speed=99.6x    
size=    7680kB time=00:08:19.98 bitrate= 125.8kbits/s speed=99.8x    
size=    8448kB time=00:09:10.34 bitrate= 125.7kbits/s speed=99.8x    
size=    9216kB time=00:10:03.01 bitrate= 125.2kbits/s speed=100x    
size=    9984kB time=00:10:54.99 bitrate= 124.9kbits/s speed=100x    
size=   11008kB time=00:11:46.45 bitrate= 127.6kbits/s speed= 101x    
size=   11520kB time=00:12:33.13 bitrate= 125.3kbits/s speed=100x    
size=   12288kB time=00:13:21.43 bitrate= 125.6kbits/s speed=99.8x    
size=   13056kB time=00:14:10.83 bitrate= 125.7kbits/s speed=99.7x    
size=   14080kB time=00:15:02.87 bitrate= 127.8kbits/s speed=99.9x    
size=   14336kB time=00:15:29.09 bitrate= 126.4kbits/s speed=97.4x    
size=   14592kB time=00:15:46.75 bitrate= 126.3kbits/s speed=94.3x    
size=   15104kB time=00:16:06.89 bitrate= 128.0kbits/s speed=91.7x    
size=   15360kB time=00:16:32.49 bitrate= 126.8kbits/s speed=89.8x    
size=   15872kB time=00:16:56.13 bitrate= 128.0kbits/s speed=  88x    
size=   16128kB time=00:17:25.42 bitrate= 126.4kbits/s speed=86.8x    
size=   16640kB time=00:17:50.36 bitrate= 127.4kbits/s speed=85.3x    
size=   16896kB time=00:18:17.40 bitrate= 126.1kbits/s speed=84.1x    
size=   17408kB time=00:18:39.53 bitrate= 127.4kbits/s speed=82.6x    
size=   17920kB time=00:19:09.33 bitrate= 127.7kbits/s speed=81.7x    
size=   18176kB time=00:19:31.48 bitrate= 127.1kbits/s speed=80.5x    
size=   18399kB time=00:19:37.47 bitrate= 128.0kbits/s speed=79.7x    
video:0kB audio:18398kB subtitle:0kB other streams:0kB global headers:0kB muxing overhead: 0.001837%

[2025-11-27 17:36:12] [m4a] Conversion finished successfully.
[2025-11-27 17:42:02] [m4a] Script called with argument: C:\Users\s.tabatabaei\Downloads\تله_ساخت_سفینه_فضاییمحققان_به_دوچرخه_نیاز_دارند.m4a
[2025-11-27 17:42:02] [m4a] Starting conversion. Input='C:\Users\s.tabatabaei\Downloads\تله_ساخت_سفینه_فضاییمحققان_به_دوچرخه_نیاز_دارند.m4a' Output='C:\Users\s.tabatabaei\Downloads\تله_ساخت_سفینه_فضاییمحققان_به_دوچرخه_نیاز_دارند.mp3'
[2025-11-27 17:42:02] [m4a] Running command: C:\Program Files (x86)\FastPCTools\Fast Screen Recorder\ffmpeg.exe -y -i C:\Users\s.tabatabaei\Downloads\تله_ساخت_سفینه_فضاییمحققان_به_دوچرخه_نیاز_دارند.m4a C:\Users\s.tabatabaei\Downloads\تله_ساخت_سفینه_فضاییمحققان_به_دوچرخه_نیاز_دارند.mp3
[2025-11-27 17:42:23] [m4a] ffmpeg return code: 0
[2025-11-27 17:42:23] [m4a] ffmpeg stderr:
[2025-11-27 17:42:23] [m4a] ffmpeg version N-93397-gf8075b2c91 Copyright (c) 2000-2019 the FFmpeg developers
  built with gcc 8.2.1 (GCC) 20190212
  configuration: --enable-gpl --enable-version3 --enable-sdl2 --enable-fontconfig --enable-gnutls --enable-iconv --enable-libass --enable-libdav1d --enable-libbluray --enable-libfreetype --enable-libmp3lame --enable-libopencore-amrnb --enable-libopencore-amrwb --enable-libopenjpeg --enable-libopus --enable-libshine --enable-libsnappy --enable-libsoxr --enable-libtheora --enable-libtwolame --enable-libvpx --enable-libwavpack --enable-libwebp --enable-libx264 --enable-libx265 --enable-libxml2 --enable-libzimg --enable-lzma --enable-zlib --enable-gmp --enable-libvidstab --enable-libvorbis --enable-libvo-amrwbenc --enable-libmysofa --enable-libspeex --enable-libxvid --enable-libaom --enable-libmfx --enable-amf --enable-ffnvcodec --enable-cuvid --enable-d3d11va --enable-nvenc --enable-nvdec --enable-dxva2 --enable-avisynth --enable-libopenmpt
  libavutil      56. 26.100 / 56. 26.100
  libavcodec     58. 47.103 / 58. 47.103
  libavformat    58. 26.101 / 58. 26.101
  libavdevice    58.  6.101 / 58.  6.101
  libavfilter     7. 48.100 /  7. 48.100
  libswscale      5.  4.100 /  5.  4.100
  libswresample   3.  4.100 /  3.  4.100
  libpostproc    55.  4.100 / 55.  4.100
Input #0, mov,mp4,m4a,3gp,3g2,mj2, from 'C:\Users\s.tabatabaei\Downloads\طھظ„ظ‡_ط³ط§ط®طھ_ط³ظپغŒظ†ظ‡_ظپط¶ط§غŒغŒظ…ط­ظ‚ظ‚ط§ظ†_ط¨ظ‡_ط¯ظˆع†ط±ط®ظ‡_ظ†غŒط§ط²_ط¯ط§ط±ظ†ط¯.m4a':
  Metadata:
    major_brand     : dash
    minor_version   : 0
    compatible_brands: iso6mp41
    creation_time   : 2025-11-26T16:15:35.000000Z
    encoder         : Google
  Duration: 00:14:43.77, start: 0.000000, bitrate: 257 kb/s
    Stream #0:0(und): Audio: aac (LC) (mp4a / 0x6134706D), 44100 Hz, stereo, fltp, 2 kb/s (default)
    Metadata:
      creation_time   : 2025-11-26T16:15:35.000000Z
      handler_name    : ISO Media file produced by Google Inc.
Stream mapping:
  Stream #0:0 -> #0:0 (aac (native) -> mp3 (libmp3lame))
Press [q] to stop, [?] for help
Output #0, mp3, to 'C:\Users\s.tabatabaei\Downloads\طھظ„ظ‡_ط³ط§ط®طھ_ط³ظپغŒظ†ظ‡_ظپط¶ط§غŒغŒظ…ط­ظ‚ظ‚ط§ظ†_ط¨ظ‡_ط¯ظˆع†ط±ط®ظ‡_ظ†غŒط§ط²_ط¯ط§ط±ظ†ط¯.mp3':
  Metadata:
    major_brand     : dash
    minor_version   : 0
    compatible_brands: iso6mp41
    TSSE            : Lavf58.26.101
    Stream #0:0(und): Audio: mp3 (libmp3lame), 44100 Hz, stereo, fltp (default)
    Metadata:
      creation_time   : 2025-11-26T16:15:35.000000Z
      handler_name    : ISO Media file produced by Google Inc.
      encoder         : Lavc58.47.103 libmp3lame
size=     512kB time=00:00:47.54 bitrate=  88.2kbits/s speed=  94x    
size=    1280kB time=00:01:35.89 bitrate= 109.3kbits/s speed=95.2x    
size=    2048kB time=00:02:27.27 bitrate= 113.9kbits/s speed=97.2x    
size=    2304kB time=00:02:43.42 bitrate= 115.5kbits/s speed=81.1x    
size=    2816kB time=00:03:05.44 bitrate= 124.4kbits/s speed=73.7x    
size=    3072kB time=00:03:21.77 bitrate= 124.7kbits/s speed=66.8x    
size=    3328kB time=00:03:44.44 bitrate= 121.5kbits/s speed=63.7x    
size=    3584kB time=00:03:58.60 bitrate= 123.0kbits/s speed=59.3x    
size=    3840kB time=00:04:14.77 bitrate= 123.5kbits/s speed=56.2x    
size=    4096kB time=00:04:34.10 bitrate= 122.4kbits/s speed=54.4x    
size=    4608kB time=00:04:56.07 bitrate= 127.5kbits/s speed=53.5x    
size=    4864kB time=00:05:12.00 bitrate= 127.7kbits/s speed=51.6x    
size=    4864kB time=00:05:26.32 bitrate= 122.1kbits/s speed=49.8x    
size=    5120kB time=00:05:42.91 bitrate= 122.3kbits/s speed=48.7x    
size=    5632kB time=00:06:00.67 bitrate= 127.9kbits/s speed=47.8x    
size=    5888kB time=00:06:17.99 bitrate= 127.6kbits/s speed=46.9x    
size=    6144kB time=00:06:38.76 bitrate= 126.2kbits/s speed=46.6x    
size=    6400kB time=00:07:02.92 bitrate= 124.0kbits/s speed=46.7x    
size=    6656kB time=00:07:21.70 bitrate= 123.4kbits/s speed=46.2x    
size=    6912kB time=00:07:37.92 bitrate= 123.7kbits/s speed=45.5x    
size=    7424kB time=00:08:05.56 bitrate= 125.3kbits/s speed=45.9x    
size=    7936kB time=00:08:34.61 bitrate= 126.3kbits/s speed=46.5x    
size=    8448kB time=00:09:02.72 bitrate= 127.5kbits/s speed=46.9x    
size=    8704kB time=00:09:31.03 bitrate= 124.9kbits/s speed=47.3x    
size=    8960kB time=00:09:49.74 bitrate= 124.5kbits/s speed=46.9x    
size=    9472kB time=00:10:13.66 bitrate= 126.4kbits/s speed=46.9x    
size=    9728kB time=00:10:32.73 bitrate= 125.9kbits/s speed=46.6x    
size=    9984kB time=00:10:45.06 bitrate= 126.8kbits/s speed=45.8x    
size=   10496kB time=00:11:11.71 bitrate= 128.0kbits/s speed=46.1x    
size=   10496kB time=00:11:27.38 bitrate= 125.1kbits/s speed=45.6x    
size=   11008kB time=00:11:46.40 bitrate= 127.7kbits/s speed=45.3x    
size=   11264kB time=00:12:02.52 bitrate= 127.7kbits/s speed=44.9x    
size=   11520kB time=00:12:23.49 bitrate= 126.9kbits/s speed=44.8x    
size=   11776kB time=00:12:35.51 bitrate= 127.7kbits/s speed=44.2x    
size=   11776kB time=00:12:47.47 bitrate= 125.7kbits/s speed=43.6x    
size=   12032kB time=00:12:57.66 bitrate= 126.7kbits/s speed=  43x    
size=   12288kB time=00:13:18.69 bitrate= 126.0kbits/s speed=42.9x    
size=   12544kB time=00:13:32.20 bitrate= 126.5kbits/s speed=42.5x    
size=   12800kB time=00:13:52.88 bitrate= 125.9kbits/s speed=42.5x    
size=   13056kB time=00:14:04.06 bitrate= 126.7kbits/s speed=  42x    
size=   13568kB time=00:14:38.23 bitrate= 126.6kbits/s speed=42.6x    
size=   13810kB time=00:14:43.77 bitrate= 128.0kbits/s speed=42.7x    
video:0kB audio:13809kB subtitle:0kB other streams:0kB global headers:0kB muxing overhead: 0.002447%

[2025-11-27 17:42:23] [m4a] Conversion finished successfully.
[2026-09-01 20:58:52] [m4a] Script called with argument: D:\documents\چرا_هوش_مصنوعی_با_اطمینان_دروغ_می_گوید.m4a (quality: low)
[2026-09-01 20:58:52] [m4a] Starting conversion. Quality='low' (Low (128 kbps)) Input='D:\documents\چرا_هوش_مصنوعی_با_اطمینان_دروغ_می_گوید.m4a' Output='D:\documents\چرا_هوش_مصنوعی_با_اطمینان_دروغ_می_گوید (128kbps).mp3'
[2026-09-01 20:58:52] [m4a] Running command: ffmpeg -y -i D:\documents\چرا_هوش_مصنوعی_با_اطمینان_دروغ_می_گوید.m4a -c:a libmp3lame -b:a 128k D:\documents\چرا_هوش_مصنوعی_با_اطمینان_دروغ_می_گوید (128kbps).mp3
[2026-09-01 20:58:52] [m4a] Exception during conversion:
[2026-09-01 20:58:52] [m4a] Script called with argument: D:\documents\معماری_ترنسفورمر_و_محدودیت_های_هوش_مصنوعی.m4a (quality: low)
[2026-09-01 20:58:52] [m4a] Starting conversion. Quality='low' (Low (128 kbps)) Input='D:\documents\معماری_ترنسفورمر_و_محدودیت_های_هوش_مصنوعی.m4a' Output='D:\documents\معماری_ترنسفورمر_و_محدودیت_های_هوش_مصنوعی (128kbps).mp3'
[2026-09-01 20:58:52] [m4a] Running command: ffmpeg -y -i D:\documents\معماری_ترنسفورمر_و_محدودیت_های_هوش_مصنوعی.m4a -c:a libmp3lame -b:a 128k D:\documents\معماری_ترنسفورمر_و_محدودیت_های_هوش_مصنوعی (128kbps).mp3
[2026-09-01 20:58:52] [m4a] Exception during conversion:
[2026-09-01 20:58:52] [m4a] Traceback (most recent call last):
  File "D:\saberprojects-d\windows-rightclick-mp4-to-mp3\convert-m4a-to-mp3\convert_m4a_to_mp3.py", line 87, in convert_m4a_to_mp3
    result = subprocess.run(
        command,
        capture_output=True,
        text=True,
    )
  File "C:\Users\s.tabatabaei\AppData\Local\Python\pythoncore-3.14-64\Lib\subprocess.py", line 554, in run
    with Popen(*popenargs, **kwargs) as process:
         ~~~~~^^^^^^^^^^^^^^^^^^^^^^
  File "C:\Users\s.tabatabaei\AppData\Local\Python\pythoncore-3.14-64\Lib\subprocess.py", line 1038, in __init__
    self._execute_child(args, executable, preexec_fn, close_fds,
    ~~~~~~~~~~~~~~~~~~~^^^^^^^^^^^^^^^^^^^^^^^^^^^^^^^^^^^^^^^^^
                        pass_fds, cwd, env,
                        ^^^^^^^^^^^^^^^^^^^
    ...<5 lines>...
                        gid, gids, uid, umask,
                        ^^^^^^^^^^^^^^^^^^^^^^
                        start_new_session, process_group)
                        ^^^^^^^^^^^^^^^^^^^^^^^^^^^^^^^^^
  File "C:\Users\s.tabatabaei\AppData\Local\Python\pythoncore-3.14-64\Lib\subprocess.py", line 1552, in _execute_child
    hp, ht, pid, tid = _winapi.CreateProcess(executable, args,
                       ~~~~~~~~~~~~~~~~~~~~~^^^^^^^^^^^^^^^^^^
                             # no special security
                             ^^^^^^^^^^^^^^^^^^^^^
    ...<4 lines>...
                             cwd,
                             ^^^^
                             startupinfo)
                             ^^^^^^^^^^^^
FileNotFoundError: [WinError 2] The system cannot find the file specified

[2026-09-01 20:58:52] [m4a] Traceback (most recent call last):
  File "D:\saberprojects-d\windows-rightclick-mp4-to-mp3\convert-m4a-to-mp3\convert_m4a_to_mp3.py", line 87, in convert_m4a_to_mp3
    result = subprocess.run(
        command,
        capture_output=True,
        text=True,
    )
  File "C:\Users\s.tabatabaei\AppData\Local\Python\pythoncore-3.14-64\Lib\subprocess.py", line 554, in run
    with Popen(*popenargs, **kwargs) as process:
         ~~~~~^^^^^^^^^^^^^^^^^^^^^^
  File "C:\Users\s.tabatabaei\AppData\Local\Python\pythoncore-3.14-64\Lib\subprocess.py", line 1038, in __init__
    self._execute_child(args, executable, preexec_fn, close_fds,
    ~~~~~~~~~~~~~~~~~~~^^^^^^^^^^^^^^^^^^^^^^^^^^^^^^^^^^^^^^^^^
                        pass_fds, cwd, env,
                        ^^^^^^^^^^^^^^^^^^^
    ...<5 lines>...
                        gid, gids, uid, umask,
                        ^^^^^^^^^^^^^^^^^^^^^^
                        start_new_session, process_group)
                        ^^^^^^^^^^^^^^^^^^^^^^^^^^^^^^^^^
  File "C:\Users\s.tabatabaei\AppData\Local\Python\pythoncore-3.14-64\Lib\subprocess.py", line 1552, in _execute_child
    hp, ht, pid, tid = _winapi.CreateProcess(executable, args,
                       ~~~~~~~~~~~~~~~~~~~~~^^^^^^^^^^^^^^^^^^
                             # no special security
                             ^^^^^^^^^^^^^^^^^^^^^
    ...<4 lines>...
                             cwd,
                             ^^^^
                             startupinfo)
                             ^^^^^^^^^^^^
FileNotFoundError: [WinError 2] The system cannot find the file specified

[2026-09-01 20:58:52] [m4a] Script called with argument: D:\documents\چالش_های_فنی_و_زیرساختی_مهندسی_هوش_مصنوعی.m4a (quality: low)
[2026-09-01 20:58:52] [m4a] Starting conversion. Quality='low' (Low (128 kbps)) Input='D:\documents\چالش_های_فنی_و_زیرساختی_مهندسی_هوش_مصنوعی.m4a' Output='D:\documents\چالش_های_فنی_و_زیرساختی_مهندسی_هوش_مصنوعی (128kbps).mp3'
[2026-09-01 20:58:52] [m4a] Running command: ffmpeg -y -i D:\documents\چالش_های_فنی_و_زیرساختی_مهندسی_هوش_مصنوعی.m4a -c:a libmp3lame -b:a 128k D:\documents\چالش_های_فنی_و_زیرساختی_مهندسی_هوش_مصنوعی (128kbps).mp3
[2026-09-01 20:58:52] [m4a] Exception during conversion:
[2026-09-01 20:58:52] [m4a] Traceback (most recent call last):
  File "D:\saberprojects-d\windows-rightclick-mp4-to-mp3\convert-m4a-to-mp3\convert_m4a_to_mp3.py", line 87, in convert_m4a_to_mp3
    result = subprocess.run(
        command,
        capture_output=True,
        text=True,
    )
  File "C:\Users\s.tabatabaei\AppData\Local\Python\pythoncore-3.14-64\Lib\subprocess.py", line 554, in run
    with Popen(*popenargs, **kwargs) as process:
         ~~~~~^^^^^^^^^^^^^^^^^^^^^^
  File "C:\Users\s.tabatabaei\AppData\Local\Python\pythoncore-3.14-64\Lib\subprocess.py", line 1038, in __init__
    self._execute_child(args, executable, preexec_fn, close_fds,
    ~~~~~~~~~~~~~~~~~~~^^^^^^^^^^^^^^^^^^^^^^^^^^^^^^^^^^^^^^^^^
                        pass_fds, cwd, env,
                        ^^^^^^^^^^^^^^^^^^^
    ...<5 lines>...
                        gid, gids, uid, umask,
                        ^^^^^^^^^^^^^^^^^^^^^^
                        start_new_session, process_group)
                        ^^^^^^^^^^^^^^^^^^^^^^^^^^^^^^^^^
  File "C:\Users\s.tabatabaei\AppData\Local\Python\pythoncore-3.14-64\Lib\subprocess.py", line 1552, in _execute_child
    hp, ht, pid, tid = _winapi.CreateProcess(executable, args,
                       ~~~~~~~~~~~~~~~~~~~~~^^^^^^^^^^^^^^^^^^
                             # no special security
                             ^^^^^^^^^^^^^^^^^^^^^
    ...<4 lines>...
                             cwd,
                             ^^^^
                             startupinfo)
                             ^^^^^^^^^^^^
FileNotFoundError: [WinError 2] The system cannot find the file specified

[2026-09-01 20:59:08] [m4a] Script called with argument: D:\documents\معماری_ترنسفورمر_و_محدودیت_های_هوش_مصنوعی.m4a (quality: low)
[2026-09-01 20:59:08] [m4a] Starting conversion. Quality='low' (Low (128 kbps)) Input='D:\documents\معماری_ترنسفورمر_و_محدودیت_های_هوش_مصنوعی.m4a' Output='D:\documents\معماری_ترنسفورمر_و_محدودیت_های_هوش_مصنوعی (128kbps).mp3'
[2026-09-01 20:59:08] [m4a] Running command: ffmpeg -y -i D:\documents\معماری_ترنسفورمر_و_محدودیت_های_هوش_مصنوعی.m4a -c:a libmp3lame -b:a 128k D:\documents\معماری_ترنسفورمر_و_محدودیت_های_هوش_مصنوعی (128kbps).mp3
[2026-09-01 20:59:08] [m4a] Exception during conversion:
[2026-09-01 20:59:08] [m4a] Traceback (most recent call last):
  File "D:\saberprojects-d\windows-rightclick-mp4-to-mp3\convert-m4a-to-mp3\convert_m4a_to_mp3.py", line 87, in convert_m4a_to_mp3
    result = subprocess.run(
        command,
        capture_output=True,
        text=True,
    )
  File "C:\Users\s.tabatabaei\AppData\Local\Python\pythoncore-3.14-64\Lib\subprocess.py", line 554, in run
    with Popen(*popenargs, **kwargs) as process:
         ~~~~~^^^^^^^^^^^^^^^^^^^^^^
  File "C:\Users\s.tabatabaei\AppData\Local\Python\pythoncore-3.14-64\Lib\subprocess.py", line 1038, in __init__
    self._execute_child(args, executable, preexec_fn, close_fds,
    ~~~~~~~~~~~~~~~~~~~^^^^^^^^^^^^^^^^^^^^^^^^^^^^^^^^^^^^^^^^^
                        pass_fds, cwd, env,
                        ^^^^^^^^^^^^^^^^^^^
    ...<5 lines>...
                        gid, gids, uid, umask,
                        ^^^^^^^^^^^^^^^^^^^^^^
                        start_new_session, process_group)
                        ^^^^^^^^^^^^^^^^^^^^^^^^^^^^^^^^^
  File "C:\Users\s.tabatabaei\AppData\Local\Python\pythoncore-3.14-64\Lib\subprocess.py", line 1552, in _execute_child
    hp, ht, pid, tid = _winapi.CreateProcess(executable, args,
                       ~~~~~~~~~~~~~~~~~~~~~^^^^^^^^^^^^^^^^^^
                             # no special security
                             ^^^^^^^^^^^^^^^^^^^^^
    ...<4 lines>...
                             cwd,
                             ^^^^
                             startupinfo)
                             ^^^^^^^^^^^^
FileNotFoundError: [WinError 2] The system cannot find the file specified

[2026-09-01 20:59:08] [m4a] Script called with argument: D:\documents\چالش_های_فنی_و_زیرساختی_مهندسی_هوش_مصنوعی.m4a (quality: low)
[2026-09-01 20:59:08] [m4a] Starting conversion. Quality='low' (Low (128 kbps)) Input='D:\documents\چالش_های_فنی_و_زیرساختی_مهندسی_هوش_مصنوعی.m4a' Output='D:\documents\چالش_های_فنی_و_زیرساختی_مهندسی_هوش_مصنوعی (128kbps).mp3'
[2026-09-01 20:59:08] [m4a] Running command: ffmpeg -y -i D:\documents\چالش_های_فنی_و_زیرساختی_مهندسی_هوش_مصنوعی.m4a -c:a libmp3lame -b:a 128k D:\documents\چالش_های_فنی_و_زیرساختی_مهندسی_هوش_مصنوعی (128kbps).mp3
[2026-09-01 20:59:08] [m4a] Exception during conversion:
[2026-09-01 20:59:08] [m4a] Traceback (most recent call last):
  File "D:\saberprojects-d\windows-rightclick-mp4-to-mp3\convert-m4a-to-mp3\convert_m4a_to_mp3.py", line 87, in convert_m4a_to_mp3
    result = subprocess.run(
        command,
        capture_output=True,
        text=True,
    )
  File "C:\Users\s.tabatabaei\AppData\Local\Python\pythoncore-3.14-64\Lib\subprocess.py", line 554, in run
    with Popen(*popenargs, **kwargs) as process:
         ~~~~~^^^^^^^^^^^^^^^^^^^^^^
  File "C:\Users\s.tabatabaei\AppData\Local\Python\pythoncore-3.14-64\Lib\subprocess.py", line 1038, in __init__
    self._execute_child(args, executable, preexec_fn, close_fds,
    ~~~~~~~~~~~~~~~~~~~^^^^^^^^^^^^^^^^^^^^^^^^^^^^^^^^^^^^^^^^^
                        pass_fds, cwd, env,
                        ^^^^^^^^^^^^^^^^^^^
    ...<5 lines>...
                        gid, gids, uid, umask,
                        ^^^^^^^^^^^^^^^^^^^^^^
                        start_new_session, process_group)
                        ^^^^^^^^^^^^^^^^^^^^^^^^^^^^^^^^^
  File "C:\Users\s.tabatabaei\AppData\Local\Python\pythoncore-3.14-64\Lib\subprocess.py", line 1552, in _execute_child
    hp, ht, pid, tid = _winapi.CreateProcess(executable, args,
                       ~~~~~~~~~~~~~~~~~~~~~^^^^^^^^^^^^^^^^^^
                             # no special security
                             ^^^^^^^^^^^^^^^^^^^^^
    ...<4 lines>...
                             cwd,
                             ^^^^
                             startupinfo)
                             ^^^^^^^^^^^^
FileNotFoundError: [WinError 2] The system cannot find the file specified

[2026-09-01 20:59:09] [m4a] Script called with argument: D:\documents\چرا_هوش_مصنوعی_با_اطمینان_دروغ_می_گوید.m4a (quality: low)
[2026-09-01 20:59:09] [m4a] Starting conversion. Quality='low' (Low (128 kbps)) Input='D:\documents\چرا_هوش_مصنوعی_با_اطمینان_دروغ_می_گوید.m4a' Output='D:\documents\چرا_هوش_مصنوعی_با_اطمینان_دروغ_می_گوید (128kbps).mp3'
[2026-09-01 20:59:09] [m4a] Running command: ffmpeg -y -i D:\documents\چرا_هوش_مصنوعی_با_اطمینان_دروغ_می_گوید.m4a -c:a libmp3lame -b:a 128k D:\documents\چرا_هوش_مصنوعی_با_اطمینان_دروغ_می_گوید (128kbps).mp3
[2026-09-01 20:59:09] [m4a] Exception during conversion:
[2026-09-01 20:59:09] [m4a] Traceback (most recent call last):
  File "D:\saberprojects-d\windows-rightclick-mp4-to-mp3\convert-m4a-to-mp3\convert_m4a_to_mp3.py", line 87, in convert_m4a_to_mp3
    result = subprocess.run(
        command,
        capture_output=True,
        text=True,
    )
  File "C:\Users\s.tabatabaei\AppData\Local\Python\pythoncore-3.14-64\Lib\subprocess.py", line 554, in run
    with Popen(*popenargs, **kwargs) as process:
         ~~~~~^^^^^^^^^^^^^^^^^^^^^^
  File "C:\Users\s.tabatabaei\AppData\Local\Python\pythoncore-3.14-64\Lib\subprocess.py", line 1038, in __init__
    self._execute_child(args, executable, preexec_fn, close_fds,
    ~~~~~~~~~~~~~~~~~~~^^^^^^^^^^^^^^^^^^^^^^^^^^^^^^^^^^^^^^^^^
                        pass_fds, cwd, env,
                        ^^^^^^^^^^^^^^^^^^^
    ...<5 lines>...
                        gid, gids, uid, umask,
                        ^^^^^^^^^^^^^^^^^^^^^^
                        start_new_session, process_group)
                        ^^^^^^^^^^^^^^^^^^^^^^^^^^^^^^^^^
  File "C:\Users\s.tabatabaei\AppData\Local\Python\pythoncore-3.14-64\Lib\subprocess.py", line 1552, in _execute_child
    hp, ht, pid, tid = _winapi.CreateProcess(executable, args,
                       ~~~~~~~~~~~~~~~~~~~~~^^^^^^^^^^^^^^^^^^
                             # no special security
                             ^^^^^^^^^^^^^^^^^^^^^
    ...<4 lines>...
                             cwd,
                             ^^^^
                             startupinfo)
                             ^^^^^^^^^^^^
FileNotFoundError: [WinError 2] The system cannot find the file specified

[2026-09-01 21:04:12] [m4a] Script called with argument: D:\documents\چالش_های_فنی_و_زیرساختی_مهندسی_هوش_مصنوعی.m4a (quality: low)
[2026-09-01 21:04:12] [m4a] Starting conversion. Quality='low' (Low (128 kbps)) Input='D:\documents\چالش_های_فنی_و_زیرساختی_مهندسی_هوش_مصنوعی.m4a' Output='D:\documents\چالش_های_فنی_و_زیرساختی_مهندسی_هوش_مصنوعی (128kbps).mp3'
[2026-09-01 21:04:12] [m4a] Running command: C:\Program Files (x86)\FastPCTools\Fast Screen Recorder\ffmpeg.exe -y -i D:\documents\چالش_های_فنی_و_زیرساختی_مهندسی_هوش_مصنوعی.m4a -c:a libmp3lame -b:a 128k D:\documents\چالش_های_فنی_و_زیرساختی_مهندسی_هوش_مصنوعی (128kbps).mp3
[2026-09-01 21:04:13] [m4a] Script called with argument: D:\documents\چرا_هوش_مصنوعی_با_اطمینان_دروغ_می_گوید.m4a (quality: low)
[2026-09-01 21:04:13] [m4a] Starting conversion. Quality='low' (Low (128 kbps)) Input='D:\documents\چرا_هوش_مصنوعی_با_اطمینان_دروغ_می_گوید.m4a' Output='D:\documents\چرا_هوش_مصنوعی_با_اطمینان_دروغ_می_گوید (128kbps).mp3'
[2026-09-01 21:04:13] [m4a] Running command: C:\Program Files (x86)\FastPCTools\Fast Screen Recorder\ffmpeg.exe -y -i D:\documents\چرا_هوش_مصنوعی_با_اطمینان_دروغ_می_گوید.m4a -c:a libmp3lame -b:a 128k D:\documents\چرا_هوش_مصنوعی_با_اطمینان_دروغ_می_گوید (128kbps).mp3
[2026-09-01 21:04:13] [m4a] Script called with argument: D:\documents\معماری_ترنسفورمر_و_محدودیت_های_هوش_مصنوعی.m4a (quality: low)
[2026-09-01 21:04:13] [m4a] Starting conversion. Quality='low' (Low (128 kbps)) Input='D:\documents\معماری_ترنسفورمر_و_محدودیت_های_هوش_مصنوعی.m4a' Output='D:\documents\معماری_ترنسفورمر_و_محدودیت_های_هوش_مصنوعی (128kbps).mp3'
[2026-09-01 21:04:13] [m4a] Running command: C:\Program Files (x86)\FastPCTools\Fast Screen Recorder\ffmpeg.exe -y -i D:\documents\معماری_ترنسفورمر_و_محدودیت_های_هوش_مصنوعی.m4a -c:a libmp3lame -b:a 128k D:\documents\معماری_ترنسفورمر_و_محدودیت_های_هوش_مصنوعی (128kbps).mp3
[2026-09-01 21:04:33] [m4a] ffmpeg return code: 0
[2026-09-01 21:04:33] [m4a] ffmpeg stderr:
[2026-09-01 21:04:33] [m4a] ffmpeg version N-93397-gf8075b2c91 Copyright (c) 2000-2019 the FFmpeg developers
  built with gcc 8.2.1 (GCC) 20190212
  configuration: --enable-gpl --enable-version3 --enable-sdl2 --enable-fontconfig --enable-gnutls --enable-iconv --enable-libass --enable-libdav1d --enable-libbluray --enable-libfreetype --enable-libmp3lame --enable-libopencore-amrnb --enable-libopencore-amrwb --enable-libopenjpeg --enable-libopus --enable-libshine --enable-libsnappy --enable-libsoxr --enable-libtheora --enable-libtwolame --enable-libvpx --enable-libwavpack --enable-libwebp --enable-libx264 --enable-libx265 --enable-libxml2 --enable-libzimg --enable-lzma --enable-zlib --enable-gmp --enable-libvidstab --enable-libvorbis --enable-libvo-amrwbenc --enable-libmysofa --enable-libspeex --enable-libxvid --enable-libaom --enable-libmfx --enable-amf --enable-ffnvcodec --enable-cuvid --enable-d3d11va --enable-nvenc --enable-nvdec --enable-dxva2 --enable-avisynth --enable-libopenmpt
  libavutil      56. 26.100 / 56. 26.100
  libavcodec     58. 47.103 / 58. 47.103
  libavformat    58. 26.101 / 58. 26.101
  libavdevice    58.  6.101 / 58.  6.101
  libavfilter     7. 48.100 /  7. 48.100
  libswscale      5.  4.100 /  5.  4.100
  libswresample   3.  4.100 /  3.  4.100
  libpostproc    55.  4.100 / 55.  4.100
Input #0, mov,mp4,m4a,3gp,3g2,mj2, from 'D:\documents\ع†ط§ظ„ط´_ظ‡ط§غŒ_ظپظ†غŒ_ظˆ_ط²غŒط±ط³ط§ط®طھغŒ_ظ…ظ‡ظ†ط¯ط³غŒ_ظ‡ظˆط´_ظ…طµظ†ظˆط¹غŒ.m4a':
  Metadata:
    major_brand     : dash
    minor_version   : 0
    compatible_brands: iso6mp41
    creation_time   : 2026-09-01T16:30:43.000000Z
    encoder         : Google
  Duration: 00:27:56.13, start: 0.000000, bitrate: 257 kb/s
    Stream #0:0(und): Audio: aac (LC) (mp4a / 0x6134706D), 44100 Hz, stereo, fltp, 1 kb/s (default)
    Metadata:
      creation_time   : 2026-09-01T16:30:43.000000Z
      handler_name    : ISO Media file produced by Google Inc.
Stream mapping:
  Stream #0:0 -> #0:0 (aac (native) -> mp3 (libmp3lame))
Press [q] to stop, [?] for help
Output #0, mp3, to 'D:\documents\ع†ط§ظ„ط´_ظ‡ط§غŒ_ظپظ†غŒ_ظˆ_ط²غŒط±ط³ط§ط®طھغŒ_ظ…ظ‡ظ†ط¯ط³غŒ_ظ‡ظˆط´_ظ…طµظ†ظˆط¹غŒ (128kbps).mp3':
  Metadata:
    major_brand     : dash
    minor_version   : 0
    compatible_brands: iso6mp41
    TSSE            : Lavf58.26.101
    Stream #0:0(und): Audio: mp3 (libmp3lame), 44100 Hz, stereo, fltp, 128 kb/s (default)
    Metadata:
      creation_time   : 2026-09-01T16:30:43.000000Z
      handler_name    : ISO Media file produced by Google Inc.
      encoder         : Lavc58.47.103 libmp3lame
size=     512kB time=00:00:40.15 bitrate= 104.5kbits/s speed=80.2x    
size=    1280kB time=00:01:25.97 bitrate= 122.0kbits/s speed=85.9x    
size=    2048kB time=00:02:13.06 bitrate= 126.1kbits/s speed=88.6x    
size=    2560kB time=00:02:59.82 bitrate= 116.6kbits/s speed=89.8x    
size=    3328kB time=00:03:47.26 bitrate= 120.0kbits/s speed=90.8x    
size=    4096kB time=00:04:33.03 bitrate= 122.9kbits/s speed=90.9x    
size=    4864kB time=00:05:15.42 bitrate= 126.3kbits/s speed=90.1x    
size=    5376kB time=00:05:56.10 bitrate= 123.7kbits/s speed=  89x    
size=    6144kB time=00:06:37.66 bitrate= 126.6kbits/s speed=88.3x    
size=    6656kB time=00:07:16.66 bitrate= 124.9kbits/s speed=87.2x    
size=    7424kB time=00:07:58.38 bitrate= 127.1kbits/s speed=86.9x    
size=    7936kB time=00:08:39.21 bitrate= 125.2kbits/s speed=86.4x    
size=    8448kB time=00:09:15.31 bitrate= 124.6kbits/s speed=85.3x    
size=    9216kB time=00:09:55.82 bitrate= 126.7kbits/s speed=  85x    
size=    9728kB time=00:10:33.20 bitrate= 125.9kbits/s speed=84.3x    
size=   10240kB time=00:11:10.85 bitrate= 125.0kbits/s speed=83.8x    
size=   11008kB time=00:11:49.12 bitrate= 127.2kbits/s speed=83.3x    
size=   11520kB time=00:12:28.93 bitrate= 126.0kbits/s speed=83.1x    
size=   12288kB time=00:13:10.15 bitrate= 127.4kbits/s speed=83.1x    
size=   12800kB time=00:13:50.38 bitrate= 126.3kbits/s speed=82.9x    
size=   13568kB time=00:14:32.12 bitrate= 127.4kbits/s speed=  83x    
size=   14080kB time=00:15:11.41 bitrate= 126.6kbits/s speed=82.8x    
size=   14848kB time=00:15:53.83 bitrate= 127.5kbits/s speed=82.9x    
size=   15360kB time=00:16:34.43 bitrate= 126.5kbits/s speed=82.8x    
size=   16128kB time=00:17:15.99 bitrate= 127.5kbits/s speed=82.8x    
size=   16640kB time=00:17:55.25 bitrate= 126.8kbits/s speed=82.6x    
size=   17408kB time=00:18:35.76 bitrate= 127.8kbits/s speed=82.6x    
size=   17920kB time=00:19:18.89 bitrate= 126.7kbits/s speed=82.7x    
size=   18688kB time=00:20:00.58 bitrate= 127.5kbits/s speed=82.7x    
size=   19200kB time=00:20:42.01 bitrate= 126.6kbits/s speed=82.7x    
size=   19968kB time=00:21:23.50 bitrate= 127.4kbits/s speed=82.7x    
size=   20480kB time=00:22:05.24 bitrate= 126.6kbits/s speed=82.7x    
size=   21248kB time=00:22:47.64 bitrate= 127.3kbits/s speed=82.8x    
size=   22016kB time=00:23:35.05 bitrate= 127.5kbits/s speed=83.1x    
size=   22784kB time=00:24:24.76 bitrate= 127.4kbits/s speed=83.6x    
size=   23552kB time=00:25:15.20 bitrate= 127.3kbits/s speed=84.1x    
size=   24320kB time=00:26:03.06 bitrate= 127.5kbits/s speed=84.4x    
size=   25088kB time=00:26:53.63 bitrate= 127.4kbits/s speed=84.8x    
size=   25856kB time=00:27:43.08 bitrate= 127.4kbits/s speed=85.2x    
size=   26191kB time=00:27:56.14 bitrate= 128.0kbits/s speed=85.3x    
video:0kB audio:26190kB subtitle:0kB other streams:0kB global headers:0kB muxing overhead: 0.002069%

[2026-09-01 21:04:33] [m4a] Conversion finished successfully.
[2026-09-01 21:04:33] [m4a] ffmpeg return code: 0
[2026-09-01 21:04:33] [m4a] ffmpeg stderr:
[2026-09-01 21:04:33] [m4a] ffmpeg version N-93397-gf8075b2c91 Copyright (c) 2000-2019 the FFmpeg developers
  built with gcc 8.2.1 (GCC) 20190212
  configuration: --enable-gpl --enable-version3 --enable-sdl2 --enable-fontconfig --enable-gnutls --enable-iconv --enable-libass --enable-libdav1d --enable-libbluray --enable-libfreetype --enable-libmp3lame --enable-libopencore-amrnb --enable-libopencore-amrwb --enable-libopenjpeg --enable-libopus --enable-libshine --enable-libsnappy --enable-libsoxr --enable-libtheora --enable-libtwolame --enable-libvpx --enable-libwavpack --enable-libwebp --enable-libx264 --enable-libx265 --enable-libxml2 --enable-libzimg --enable-lzma --enable-zlib --enable-gmp --enable-libvidstab --enable-libvorbis --enable-libvo-amrwbenc --enable-libmysofa --enable-libspeex --enable-libxvid --enable-libaom --enable-libmfx --enable-amf --enable-ffnvcodec --enable-cuvid --enable-d3d11va --enable-nvenc --enable-nvdec --enable-dxva2 --enable-avisynth --enable-libopenmpt
  libavutil      56. 26.100 / 56. 26.100
  libavcodec     58. 47.103 / 58. 47.103
  libavformat    58. 26.101 / 58. 26.101
  libavdevice    58.  6.101 / 58.  6.101
  libavfilter     7. 48.100 /  7. 48.100
  libswscale      5.  4.100 /  5.  4.100
  libswresample   3.  4.100 /  3.  4.100
  libpostproc    55.  4.100 / 55.  4.100
Input #0, mov,mp4,m4a,3gp,3g2,mj2, from 'D:\documents\ع†ط±ط§_ظ‡ظˆط´_ظ…طµظ†ظˆط¹غŒ_ط¨ط§_ط§ط·ظ…غŒظ†ط§ظ†_ط¯ط±ظˆط؛_ظ…غŒ_ع¯ظˆغŒط¯.m4a':
  Metadata:
    major_brand     : dash
    minor_version   : 0
    compatible_brands: iso6mp41
    creation_time   : 2026-09-01T16:33:38.000000Z
    encoder         : Google
  Duration: 00:27:31.45, start: 0.000000, bitrate: 257 kb/s
    Stream #0:0(und): Audio: aac (LC) (mp4a / 0x6134706D), 44100 Hz, stereo, fltp, 1 kb/s (default)
    Metadata:
      creation_time   : 2026-09-01T16:33:38.000000Z
      handler_name    : ISO Media file produced by Google Inc.
Stream mapping:
  Stream #0:0 -> #0:0 (aac (native) -> mp3 (libmp3lame))
Press [q] to stop, [?] for help
Output #0, mp3, to 'D:\documents\ع†ط±ط§_ظ‡ظˆط´_ظ…طµظ†ظˆط¹غŒ_ط¨ط§_ط§ط·ظ…غŒظ†ط§ظ†_ط¯ط±ظˆط؛_ظ…غŒ_ع¯ظˆغŒط¯ (128kbps).mp3':
  Metadata:
    major_brand     : dash
    minor_version   : 0
    compatible_brands: iso6mp41
    TSSE            : Lavf58.26.101
    Stream #0:0(und): Audio: mp3 (libmp3lame), 44100 Hz, stereo, fltp, 128 kb/s (default)
    Metadata:
      creation_time   : 2026-09-01T16:33:38.000000Z
      handler_name    : ISO Media file produced by Google Inc.
      encoder         : Lavc58.47.103 libmp3lame
size=     512kB time=00:00:43.05 bitrate=  97.4kbits/s speed=  86x    
size=    1280kB time=00:01:31.22 bitrate= 114.9kbits/s speed=91.1x    
size=    2048kB time=00:02:18.55 bitrate= 121.1kbits/s speed=92.3x    
size=    2816kB time=00:03:05.99 bitrate= 124.0kbits/s speed=92.9x    
size=    3584kB time=00:03:51.00 bitrate= 127.1kbits/s speed=92.3x    
size=    4096kB time=00:04:35.61 bitrate= 121.7kbits/s speed=91.8x    
size=    4864kB time=00:05:17.59 bitrate= 125.5kbits/s speed=90.7x    
size=    5376kB time=00:05:58.00 bitrate= 123.0kbits/s speed=89.4x    
size=    6144kB time=00:06:37.79 bitrate= 126.5kbits/s speed=88.3x    
size=    6656kB time=00:07:18.20 bitrate= 124.4kbits/s speed=87.6x    
size=    7424kB time=00:07:59.79 bitrate= 126.8kbits/s speed=87.1x    
size=    7936kB time=00:08:41.58 bitrate= 124.6kbits/s speed=86.8x    
size=    8704kB time=00:09:19.67 bitrate= 127.4kbits/s speed=  86x    
size=    9216kB time=00:09:58.25 bitrate= 126.2kbits/s speed=85.4x    
size=    9728kB time=00:10:36.50 bitrate= 125.2kbits/s speed=84.8x    
size=   10496kB time=00:11:14.66 bitrate= 127.4kbits/s speed=84.2x    
size=   11008kB time=00:11:51.41 bitrate= 126.8kbits/s speed=83.6x    
size=   11520kB time=00:12:32.48 bitrate= 125.4kbits/s speed=83.5x    
size=   12288kB time=00:13:12.68 bitrate= 127.0kbits/s speed=83.4x    
size=   12800kB time=00:13:55.18 bitrate= 125.5kbits/s speed=83.4x    
size=   13568kB time=00:14:36.30 bitrate= 126.8kbits/s speed=83.4x    
size=   14080kB time=00:15:13.97 bitrate= 126.2kbits/s speed=  83x    
size=   14848kB time=00:15:56.10 bitrate= 127.2kbits/s speed=83.1x    
size=   15360kB time=00:16:36.25 bitrate= 126.3kbits/s speed=82.9x    
size=   16128kB time=00:17:14.94 bitrate= 127.7kbits/s speed=82.7x    
size=   16640kB time=00:17:56.42 bitrate= 126.6kbits/s speed=82.7x    
size=   17152kB time=00:18:33.73 bitrate= 126.2kbits/s speed=82.4x    
size=   17920kB time=00:19:14.92 bitrate= 127.1kbits/s speed=82.4x    
size=   18688kB time=00:20:00.19 bitrate= 127.6kbits/s speed=82.7x    
size=   19456kB time=00:20:48.73 bitrate= 127.6kbits/s speed=83.2x    
size=   20224kB time=00:21:35.83 bitrate= 127.9kbits/s speed=83.5x    
size=   20992kB time=00:22:25.35 bitrate= 127.8kbits/s speed=  84x    
size=   21504kB time=00:23:07.10 bitrate= 127.0kbits/s speed=  84x    
size=   22272kB time=00:23:48.06 bitrate= 127.8kbits/s speed=83.9x    
size=   22784kB time=00:24:31.08 bitrate= 126.9kbits/s speed=  84x    
size=   23552kB time=00:25:13.90 bitrate= 127.4kbits/s speed=  84x    
size=   24064kB time=00:25:53.84 bitrate= 126.9kbits/s speed=83.9x    
size=   24832kB time=00:26:34.77 bitrate= 127.6kbits/s speed=83.8x    
size=   25344kB time=00:27:18.13 bitrate= 126.7kbits/s speed=83.9x    
size=   25805kB time=00:27:31.46 bitrate= 128.0kbits/s speed=  84x    
video:0kB audio:25804kB subtitle:0kB other streams:0kB global headers:0kB muxing overhead: 0.002100%

[2026-09-01 21:04:33] [m4a] Conversion finished successfully.
[2026-09-01 21:04:36] [m4a] ffmpeg return code: 0
[2026-09-01 21:04:36] [m4a] ffmpeg stderr:
[2026-09-01 21:04:36] [m4a] ffmpeg version N-93397-gf8075b2c91 Copyright (c) 2000-2019 the FFmpeg developers
  built with gcc 8.2.1 (GCC) 20190212
  configuration: --enable-gpl --enable-version3 --enable-sdl2 --enable-fontconfig --enable-gnutls --enable-iconv --enable-libass --enable-libdav1d --enable-libbluray --enable-libfreetype --enable-libmp3lame --enable-libopencore-amrnb --enable-libopencore-amrwb --enable-libopenjpeg --enable-libopus --enable-libshine --enable-libsnappy --enable-libsoxr --enable-libtheora --enable-libtwolame --enable-libvpx --enable-libwavpack --enable-libwebp --enable-libx264 --enable-libx265 --enable-libxml2 --enable-libzimg --enable-lzma --enable-zlib --enable-gmp --enable-libvidstab --enable-libvorbis --enable-libvo-amrwbenc --enable-libmysofa --enable-libspeex --enable-libxvid --enable-libaom --enable-libmfx --enable-amf --enable-ffnvcodec --enable-cuvid --enable-d3d11va --enable-nvenc --enable-nvdec --enable-dxva2 --enable-avisynth --enable-libopenmpt
  libavutil      56. 26.100 / 56. 26.100
  libavcodec     58. 47.103 / 58. 47.103
  libavformat    58. 26.101 / 58. 26.101
  libavdevice    58.  6.101 / 58.  6.101
  libavfilter     7. 48.100 /  7. 48.100
  libswscale      5.  4.100 /  5.  4.100
  libswresample   3.  4.100 /  3.  4.100
  libpostproc    55.  4.100 / 55.  4.100
Input #0, mov,mp4,m4a,3gp,3g2,mj2, from 'D:\documents\ظ…ط¹ظ…ط§ط±غŒ_طھط±ظ†ط³ظپظˆط±ظ…ط±_ظˆ_ظ…ط­ط¯ظˆط¯غŒطھ_ظ‡ط§غŒ_ظ‡ظˆط´_ظ…طµظ†ظˆط¹غŒ.m4a':
  Metadata:
    major_brand     : dash
    minor_version   : 0
    compatible_brands: iso6mp41
    creation_time   : 2026-09-01T16:34:53.000000Z
    encoder         : Google
  Duration: 00:33:30.22, start: 0.000000, bitrate: 257 kb/s
    Stream #0:0(und): Audio: aac (LC) (mp4a / 0x6134706D), 44100 Hz, stereo, fltp, 1 kb/s (default)
    Metadata:
      creation_time   : 2026-09-01T16:34:53.000000Z
      handler_name    : ISO Media file produced by Google Inc.
Stream mapping:
  Stream #0:0 -> #0:0 (aac (native) -> mp3 (libmp3lame))
Press [q] to stop, [?] for help
Output #0, mp3, to 'D:\documents\ظ…ط¹ظ…ط§ط±غŒ_طھط±ظ†ط³ظپظˆط±ظ…ط±_ظˆ_ظ…ط­ط¯ظˆط¯غŒطھ_ظ‡ط§غŒ_ظ‡ظˆط´_ظ…طµظ†ظˆط¹غŒ (128kbps).mp3':
  Metadata:
    major_brand     : dash
    minor_version   : 0
    compatible_brands: iso6mp41
    TSSE            : Lavf58.26.101
    Stream #0:0(und): Audio: mp3 (libmp3lame), 44100 Hz, stereo, fltp, 128 kb/s (default)
    Metadata:
      creation_time   : 2026-09-01T16:34:53.000000Z
      handler_name    : ISO Media file produced by Google Inc.
      encoder         : Lavc58.47.103 libmp3lame
size=     512kB time=00:00:39.44 bitrate= 106.3kbits/s speed=78.8x    
size=    1280kB time=00:01:24.92 bitrate= 123.5kbits/s speed=84.8x    
size=    2048kB time=00:02:12.78 bitrate= 126.4kbits/s speed=88.4x    
size=    2560kB time=00:03:00.08 bitrate= 116.5kbits/s speed=  90x    
size=    3328kB time=00:03:43.47 bitrate= 122.0kbits/s speed=89.3x    
size=    4096kB time=00:04:29.76 bitrate= 124.4kbits/s speed=89.8x    
size=    4864kB time=00:05:18.01 bitrate= 125.3kbits/s speed=90.8x    
size=    5632kB time=00:06:06.55 bitrate= 125.9kbits/s speed=91.6x    
size=    6400kB time=00:06:57.35 bitrate= 125.6kbits/s speed=92.7x    
size=    7168kB time=00:07:44.87 bitrate= 126.3kbits/s speed=92.9x    
size=    7936kB time=00:08:30.64 bitrate= 127.3kbits/s speed=92.7x    
size=    8448kB time=00:09:14.52 bitrate= 124.8kbits/s speed=92.3x    
size=    9216kB time=00:09:50.36 bitrate= 127.9kbits/s speed=90.7x    
size=    9728kB time=00:10:27.04 bitrate= 127.1kbits/s speed=89.5x    
size=   10240kB time=00:11:03.58 bitrate= 126.4kbits/s speed=88.4x    
size=   10752kB time=00:11:41.80 bitrate= 125.5kbits/s speed=87.6x    
size=   11520kB time=00:12:20.80 bitrate= 127.4kbits/s speed=87.1x    
size=   12032kB time=00:13:00.12 bitrate= 126.3kbits/s speed=86.6x    
size=   12800kB time=00:13:40.50 bitrate= 127.8kbits/s speed=86.3x    
size=   13312kB time=00:14:22.66 bitrate= 126.4kbits/s speed=86.2x    
size=   14080kB time=00:15:04.41 bitrate= 127.5kbits/s speed=  86x    
size=   14592kB time=00:15:46.36 bitrate= 126.3kbits/s speed=85.9x    
size=   15360kB time=00:16:25.13 bitrate= 127.7kbits/s speed=85.6x    
size=   15872kB time=00:17:07.99 bitrate= 126.5kbits/s speed=85.6x    
size=   16640kB time=00:17:46.11 bitrate= 127.9kbits/s speed=85.2x    
size=   17152kB time=00:18:25.50 bitrate= 127.1kbits/s speed=84.9x    
size=   17920kB time=00:19:11.66 bitrate= 127.5kbits/s speed=85.2x    
size=   18688kB time=00:20:00.79 bitrate= 127.5kbits/s speed=85.7x    
size=   19456kB time=00:20:45.20 bitrate= 128.0kbits/s speed=85.8x    
size=   19968kB time=00:21:26.47 bitrate= 127.2kbits/s speed=85.7x    
size=   20736kB time=00:22:09.39 bitrate= 127.8kbits/s speed=85.7x    
size=   21248kB time=00:22:53.31 bitrate= 126.7kbits/s speed=85.7x    
size=   22016kB time=00:23:32.59 bitrate= 127.7kbits/s speed=85.5x    
size=   22528kB time=00:24:14.08 bitrate= 126.9kbits/s speed=85.4x    
size=   23296kB time=00:24:55.72 bitrate= 127.6kbits/s speed=85.4x    
size=   23808kB time=00:25:36.94 bitrate= 126.9kbits/s speed=85.3x    
size=   24576kB time=00:26:18.73 bitrate= 127.5kbits/s speed=85.2x    
size=   25088kB time=00:27:01.13 bitrate= 126.8kbits/s speed=85.2x    
size=   25856kB time=00:27:42.40 bitrate= 127.4kbits/s speed=85.2x    
size=   26624kB time=00:28:27.67 bitrate= 127.7kbits/s speed=85.3x    
size=   27392kB time=00:29:15.03 bitrate= 127.9kbits/s speed=85.5x    
size=   28160kB time=00:30:05.21 bitrate= 127.8kbits/s speed=85.9x    
size=   28672kB time=00:30:50.14 bitrate= 127.0kbits/s speed=  86x    
size=   29440kB time=00:31:33.43 bitrate= 127.4kbits/s speed=  86x    
size=   30208kB time=00:32:22.46 bitrate= 127.4kbits/s speed=86.2x    
size=   30976kB time=00:33:11.36 bitrate= 127.4kbits/s speed=86.5x    
size=   31411kB time=00:33:30.22 bitrate= 128.0kbits/s speed=86.6x    
video:0kB audio:31410kB subtitle:0kB other streams:0kB global headers:0kB muxing overhead: 0.001726%

[2026-09-01 21:04:36] [m4a] Conversion finished successfully.
[2026-09-23 21:49:24] [m4a] Script called with argument: C:\Users\s.tabatabaei\Downloads\راز_سود_بیست_برابری_استارتاپ_تک_سایز.m4a (quality: high)
[2026-09-23 21:49:24] [m4a] Starting conversion. Quality='high' (High (320 kbps)) Input='C:\Users\s.tabatabaei\Downloads\راز_سود_بیست_برابری_استارتاپ_تک_سایز.m4a' Output='C:\Users\s.tabatabaei\Downloads\راز_سود_بیست_برابری_استارتاپ_تک_سایز.mp3'
[2026-09-23 21:49:24] [m4a] Running command: C:\Users\s.tabatabaei\Documents\saberprojects\windows-rightclick-mp4-to-mp3\ffmpeg\ffmpeg.exe -y -i C:\Users\s.tabatabaei\Downloads\راز_سود_بیست_برابری_استارتاپ_تک_سایز.m4a -c:a libmp3lame -b:a 320k C:\Users\s.tabatabaei\Downloads\راز_سود_بیست_برابری_استارتاپ_تک_سایز.mp3
[2026-09-23 21:49:42] [m4a] ffmpeg return code: 0
[2026-09-23 21:49:42] [m4a] ffmpeg stderr:
[2026-09-23 21:49:42] [m4a] ffmpeg version 8.1.2-essentials_build-www.gyan.dev Copyright (c) 2000-2026 the FFmpeg developers
  built with gcc 16.1.0 (Rev2, Built by MSYS2 project)
  configuration: --enable-gpl --enable-version3 --enable-static --disable-w32threads --disable-autodetect --enable-cairo --enable-fontconfig --enable-iconv --enable-gnutls --enable-libxml2 --enable-gmp --enable-bzlib --enable-lzma --enable-zlib --enable-libsrt --enable-libssh --enable-libzmq --enable-avisynth --enable-sdl2 --enable-libwebp --enable-libx264 --enable-libx265 --enable-libxvid --enable-libaom --enable-libopenjpeg --enable-libvpx --enable-mediafoundation --enable-libass --enable-libfreetype --enable-libfribidi --enable-libharfbuzz --enable-libvidstab --enable-libvmaf --enable-libzimg --enable-amf --enable-cuda-llvm --enable-cuvid --enable-dxva2 --enable-d3d11va --enable-d3d12va --enable-ffnvcodec --enable-libvpl --enable-nvdec --enable-nvenc --enable-vaapi --enable-openal --enable-libgme --enable-libopenmpt --enable-libopencore-amrwb --enable-libmp3lame --enable-libtheora --enable-libvo-amrwbenc --enable-libgsm --enable-libopencore-amrnb --enable-libopus --enable-libspeex --enable-libvorbis --enable-librubberband
  libavutil      60. 26.102 / 60. 26.102
  libavcodec     62. 28.102 / 62. 28.102
  libavformat    62. 12.102 / 62. 12.102
  libavdevice    62.  3.102 / 62.  3.102
  libavfilter    11. 14.102 / 11. 14.102
  libswscale      9.  5.102 /  9.  5.102
  libswresample   6.  3.102 /  6.  3.102
Input #0, mov,mp4,m4a,3gp,3g2,mj2, from 'C:\Users\s.tabatabaei\Downloads\Ø±Ø§Ø²_Ø³ÙˆØ¯_Ø¨ÛŒØ³Øª_Ø¨Ø±Ø§Ø¨Ø±ÛŒ_Ø§Ø³ØªØ§Ø±ØªØ§Ù¾_ØªÚ©_Ø³Ø§ÛŒØ².m4a':
  Metadata:
    major_brand     : dash
    minor_version   : 0
    compatible_brands: iso6mp41
    creation_time   : 2026-09-23T18:03:54.000000Z
    encoder         : Google
  Duration: 00:22:59.27, start: 0.000000, bitrate: 257 kb/s
  Stream #0:0[0x1](und): Audio: aac (LC) (mp4a / 0x6134706D), 44100 Hz, stereo, fltp, 256 kb/s (default)
    Metadata:
      creation_time   : 2026-09-23T18:03:54.000000Z
      handler_name    : ISO Media file produced by Google Inc.
Stream mapping:
  Stream #0:0 -> #0:0 (aac (native) -> mp3 (libmp3lame))
Press [q] to stop, [?] for help
Output #0, mp3, to 'C:\Users\s.tabatabaei\Downloads\Ø±Ø§Ø²_Ø³ÙˆØ¯_Ø¨ÛŒØ³Øª_Ø¨Ø±Ø§Ø¨Ø±ÛŒ_Ø§Ø³ØªØ§Ø±ØªØ§Ù¾_ØªÚ©_Ø³Ø§ÛŒØ².mp3':
  Metadata:
    major_brand     : dash
    minor_version   : 0
    compatible_brands: iso6mp41
    TSSE            : Lavf62.12.102
  Stream #0:0(und): Audio: mp3, 44100 Hz, stereo, fltp, 320 kb/s (default)
    Metadata:
      encoder         : Lavc62.28.102 libmp3lame
      creation_time   : 2026-09-23T18:03:54.000000Z
      handler_name    : ISO Media file produced by Google Inc.
size=    1280KiB time=00:00:36.28 bitrate= 289.0kbits/s speed=70.7x elapsed=0:00:00.51    
size=    2816KiB time=00:01:14.52 bitrate= 309.5kbits/s speed=72.7x elapsed=0:00:01.02    
size=    4352KiB time=00:01:55.20 bitrate= 309.5kbits/s speed=74.8x elapsed=0:00:01.54    
size=    5888KiB time=00:02:35.95 bitrate= 309.3kbits/s speed=75.7x elapsed=0:00:02.05    
size=    7680KiB time=00:03:18.45 bitrate= 317.0kbits/s speed=77.2x elapsed=0:00:02.57    
size=    9472KiB time=00:04:03.77 bitrate= 318.3kbits/s speed=78.7x elapsed=0:00:03.09    
size=   11008KiB time=00:04:46.17 bitrate= 315.1kbits/s speed=79.2x elapsed=0:00:03.61    
size=   12800KiB time=00:05:30.00 bitrate= 317.7kbits/s speed=  80x elapsed=0:00:04.12    
size=   14592KiB time=00:06:15.09 bitrate= 318.7kbits/s speed=80.8x elapsed=0:00:04.64    
size=   16128KiB time=00:06:57.90 bitrate= 316.1kbits/s speed=  81x elapsed=0:00:05.15    
size=   17920KiB time=00:07:42.47 bitrate= 317.4kbits/s speed=81.6x elapsed=0:00:05.67    
size=   19200KiB time=00:08:16.01 bitrate= 317.1kbits/s speed=80.2x elapsed=0:00:06.18    
size=   20992KiB time=00:08:58.43 bitrate= 319.4kbits/s speed=80.4x elapsed=0:00:06.69    
size=   22528KiB time=00:09:40.07 bitrate= 318.1kbits/s speed=80.4x elapsed=0:00:07.21    
size=   23808KiB time=00:10:14.63 bitrate= 317.3kbits/s speed=79.5x elapsed=0:00:07.72    
size=   25600KiB time=00:10:57.55 bitrate= 318.9kbits/s speed=79.6x elapsed=0:00:08.25    
size=   27392KiB time=00:11:41.65 bitrate= 319.8kbits/s speed=  80x elapsed=0:00:08.77    
size=   28928KiB time=00:12:21.25 bitrate= 319.7kbits/s speed=79.8x elapsed=0:00:09.29    
size=   30464KiB time=00:13:04.82 bitrate= 318.0kbits/s speed=  80x elapsed=0:00:09.81    
size=   32256KiB time=00:13:49.23 bitrate= 318.7kbits/s speed=80.3x elapsed=0:00:10.32    
size=   34048KiB time=00:14:34.45 bitrate= 319.0kbits/s speed=80.6x elapsed=0:00:10.84    
size=   35584KiB time=00:15:16.63 bitrate= 318.0kbits/s speed=80.7x elapsed=0:00:11.36    
size=   37376KiB time=00:15:59.71 bitrate= 319.0kbits/s speed=80.8x elapsed=0:00:11.87    
size=   38912KiB time=00:16:37.48 bitrate= 319.6kbits/s speed=80.5x elapsed=0:00:12.39    
size=   40448KiB time=00:17:17.16 bitrate= 319.5kbits/s speed=80.3x elapsed=0:00:12.91    
size=   42240KiB time=00:18:01.57 bitrate= 319.9kbits/s speed=80.5x elapsed=0:00:13.42    
size=   43776KiB time=00:18:42.61 bitrate= 319.4kbits/s speed=80.5x elapsed=0:00:13.94    
size=   45312KiB time=00:19:23.78 bitrate= 319.0kbits/s speed=80.5x elapsed=0:00:14.45    
size=   47104KiB time=00:20:07.09 bitrate= 319.7kbits/s speed=80.6x elapsed=0:00:14.97    
size=   48640KiB time=00:20:50.87 bitrate= 318.5kbits/s speed=80.8x elapsed=0:00:15.48    
size=   50432KiB time=00:21:34.68 bitrate= 319.1kbits/s speed=80.9x elapsed=0:00:16.00    
size=   51968KiB time=00:22:16.79 bitrate= 318.5kbits/s speed=80.9x elapsed=0:00:16.51    
size=   53504KiB time=00:22:55.37 bitrate= 318.7kbits/s speed=80.8x elapsed=0:00:17.03    
[out#0/mp3 @ 000001ece07511c0] video:0KiB audio:53879KiB subtitle:0KiB other streams:0KiB global headers:0KiB muxing overhead: 0.002142%
size=   53880KiB time=00:22:59.26 bitrate= 320.0kbits/s speed=80.8x elapsed=0:00:17.07    

[2026-09-23 21:49:42] [m4a] Conversion finished successfully.
[2026-09-23 21:50:24] Script called with argument: C:\Users\s.tabatabaei\AppData\Local\Temp\rc_smoke_test.mp4
[2026-09-23 21:50:24] Starting conversion. Input='C:\Users\s.tabatabaei\AppData\Local\Temp\rc_smoke_test.mp4' Output='C:\Users\s.tabatabaei\AppData\Local\Temp\rc_smoke_test.mp3'
[2026-09-23 21:50:24] Running command: C:\Users\s.tabatabaei\Documents\saberprojects\windows-rightclick-mp4-to-mp3\ffmpeg\ffmpeg.exe -y -i C:\Users\s.tabatabaei\AppData\Local\Temp\rc_smoke_test.mp4 C:\Users\s.tabatabaei\AppData\Local\Temp\rc_smoke_test.mp3
[2026-09-23 21:50:24] ffmpeg return code: 4294967294
[2026-09-23 21:50:24] ffmpeg stderr:
[2026-09-23 21:50:24] ffmpeg version 8.1.2-essentials_build-www.gyan.dev Copyright (c) 2000-2026 the FFmpeg developers
  built with gcc 16.1.0 (Rev2, Built by MSYS2 project)
  configuration: --enable-gpl --enable-version3 --enable-static --disable-w32threads --disable-autodetect --enable-cairo --enable-fontconfig --enable-iconv --enable-gnutls --enable-libxml2 --enable-gmp --enable-bzlib --enable-lzma --enable-zlib --enable-libsrt --enable-libssh --enable-libzmq --enable-avisynth --enable-sdl2 --enable-libwebp --enable-libx264 --enable-libx265 --enable-libxvid --enable-libaom --enable-libopenjpeg --enable-libvpx --enable-mediafoundation --enable-libass --enable-libfreetype --enable-libfribidi --enable-libharfbuzz --enable-libvidstab --enable-libvmaf --enable-libzimg --enable-amf --enable-cuda-llvm --enable-cuvid --enable-dxva2 --enable-d3d11va --enable-d3d12va --enable-ffnvcodec --enable-libvpl --enable-nvdec --enable-nvenc --enable-vaapi --enable-openal --enable-libgme --enable-libopenmpt --enable-libopencore-amrwb --enable-libmp3lame --enable-libtheora --enable-libvo-amrwbenc --enable-libgsm --enable-libopencore-amrnb --enable-libopus --enable-libspeex --enable-libvorbis --enable-librubberband
  libavutil      60. 26.102 / 60. 26.102
  libavcodec     62. 28.102 / 62. 28.102
  libavformat    62. 12.102 / 62. 12.102
  libavdevice    62.  3.102 / 62.  3.102
  libavfilter    11. 14.102 / 11. 14.102
  libswscale      9.  5.102 /  9.  5.102
  libswresample   6.  3.102 /  6.  3.102
[in#0 @ 000001f323e4cd00] Error opening input: No such file or directory
Error opening input file C:\Users\s.tabatabaei\AppData\Local\Temp\rc_smoke_test.mp4.
Error opening input files: No such file or directory

[2026-09-23 21:50:24] ffmpeg failed with code 4294967294. See debug.log for details.
[2026-09-23 21:50:35] Script called with argument: C:\Users\s.tabatabaei\AppData\Local\Temp\rc_smoke_test.mp4
[2026-09-23 21:50:35] Starting conversion. Input='C:\Users\s.tabatabaei\AppData\Local\Temp\rc_smoke_test.mp4' Output='C:\Users\s.tabatabaei\AppData\Local\Temp\rc_smoke_test.mp3'
[2026-09-23 21:50:35] Running command: C:\Users\s.tabatabaei\Documents\saberprojects\windows-rightclick-mp4-to-mp3\ffmpeg\ffmpeg.exe -y -i C:\Users\s.tabatabaei\AppData\Local\Temp\rc_smoke_test.mp4 C:\Users\s.tabatabaei\AppData\Local\Temp\rc_smoke_test.mp3
[2026-09-23 21:50:35] ffmpeg return code: 0
[2026-09-23 21:50:35] ffmpeg stderr:
[2026-09-23 21:50:35] ffmpeg version 8.1.2-essentials_build-www.gyan.dev Copyright (c) 2000-2026 the FFmpeg developers
  built with gcc 16.1.0 (Rev2, Built by MSYS2 project)
  configuration: --enable-gpl --enable-version3 --enable-static --disable-w32threads --disable-autodetect --enable-cairo --enable-fontconfig --enable-iconv --enable-gnutls --enable-libxml2 --enable-gmp --enable-bzlib --enable-lzma --enable-zlib --enable-libsrt --enable-libssh --enable-libzmq --enable-avisynth --enable-sdl2 --enable-libwebp --enable-libx264 --enable-libx265 --enable-libxvid --enable-libaom --enable-libopenjpeg --enable-libvpx --enable-mediafoundation --enable-libass --enable-libfreetype --enable-libfribidi --enable-libharfbuzz --enable-libvidstab --enable-libvmaf --enable-libzimg --enable-amf --enable-cuda-llvm --enable-cuvid --enable-dxva2 --enable-d3d11va --enable-d3d12va --enable-ffnvcodec --enable-libvpl --enable-nvdec --enable-nvenc --enable-vaapi --enable-openal --enable-libgme --enable-libopenmpt --enable-libopencore-amrwb --enable-libmp3lame --enable-libtheora --enable-libvo-amrwbenc --enable-libgsm --enable-libopencore-amrnb --enable-libopus --enable-libspeex --enable-libvorbis --enable-librubberband
  libavutil      60. 26.102 / 60. 26.102
  libavcodec     62. 28.102 / 62. 28.102
  libavformat    62. 12.102 / 62. 12.102
  libavdevice    62.  3.102 / 62.  3.102
  libavfilter    11. 14.102 / 11. 14.102
  libswscale      9.  5.102 /  9.  5.102
  libswresample   6.  3.102 /  6.  3.102
Input #0, mov,mp4,m4a,3gp,3g2,mj2, from 'C:\Users\s.tabatabaei\AppData\Local\Temp\rc_smoke_test.mp4':
  Metadata:
    major_brand     : isom
    minor_version   : 512
    compatible_brands: isomiso2avc1mp41
    encoder         : Lavf62.12.102
  Duration: 00:00:03.00, start: 0.000000, bitrate: 112 kb/s
  Stream #0:0[0x1](und): Video: h264 (High) (avc1 / 0x31637661), yuv420p(progressive), 320x240 [SAR 1:1 DAR 4:3], 34 kb/s, 10 fps, 10 tbr, 10240 tbn (default)
    Metadata:
      handler_name    : VideoHandler
      encoder         : Lavc62.28.102 libx264
  Stream #0:1[0x2](und): Audio: aac (LC) (mp4a / 0x6134706D), 44100 Hz, mono, fltp, 69 kb/s (default)
    Metadata:
      handler_name    : SoundHandler
Stream mapping:
  Stream #0:1 -> #0:0 (aac (native) -> mp3 (libmp3lame))
Press [q] to stop, [?] for help
Output #0, mp3, to 'C:\Users\s.tabatabaei\AppData\Local\Temp\rc_smoke_test.mp3':
  Metadata:
    major_brand     : isom
    minor_version   : 512
    compatible_brands: isomiso2avc1mp41
    TSSE            : Lavf62.12.102
  Stream #0:0(und): Audio: mp3, 44100 Hz, mono, fltp (default)
    Metadata:
      encoder         : Lavc62.28.102 libmp3lame
      handler_name    : SoundHandler
[out#0/mp3 @ 00000234a1697240] video:0KiB audio:24KiB subtitle:0KiB other streams:0KiB global headers:0KiB muxing overhead: 1.349693%
size=      24KiB time=00:00:03.01 bitrate=  65.7kbits/s speed=76.3x elapsed=0:00:00.03    

[2026-09-23 21:50:35] Conversion finished successfully.
[2026-09-23 22:14:16] Script called with argument: C:\Users\s.tabatabaei\AppData\Local\Temp\rc_q_test.mp4 (quality: 48)
[2026-09-23 22:14:16] Starting conversion. Quality='48' (48 kbps) Input='C:\Users\s.tabatabaei\AppData\Local\Temp\rc_q_test.mp4' Output='C:\Users\s.tabatabaei\AppData\Local\Temp\rc_q_test (48kbps).mp3'
[2026-09-23 22:14:16] Running command: C:\Users\s.tabatabaei\Documents\saberprojects\windows-rightclick-mp4-to-mp3\ffmpeg\ffmpeg.exe -y -i C:\Users\s.tabatabaei\AppData\Local\Temp\rc_q_test.mp4 -c:a libmp3lame -b:a 48k C:\Users\s.tabatabaei\AppData\Local\Temp\rc_q_test (48kbps).mp3
[2026-09-23 22:14:16] ffmpeg return code: 0
[2026-09-23 22:14:16] ffmpeg stderr:
[2026-09-23 22:14:16] ffmpeg version 8.1.2-essentials_build-www.gyan.dev Copyright (c) 2000-2026 the FFmpeg developers
  built with gcc 16.1.0 (Rev2, Built by MSYS2 project)
  configuration: --enable-gpl --enable-version3 --enable-static --disable-w32threads --disable-autodetect --enable-cairo --enable-fontconfig --enable-iconv --enable-gnutls --enable-libxml2 --enable-gmp --enable-bzlib --enable-lzma --enable-zlib --enable-libsrt --enable-libssh --enable-libzmq --enable-avisynth --enable-sdl2 --enable-libwebp --enable-libx264 --enable-libx265 --enable-libxvid --enable-libaom --enable-libopenjpeg --enable-libvpx --enable-mediafoundation --enable-libass --enable-libfreetype --enable-libfribidi --enable-libharfbuzz --enable-libvidstab --enable-libvmaf --enable-libzimg --enable-amf --enable-cuda-llvm --enable-cuvid --enable-dxva2 --enable-d3d11va --enable-d3d12va --enable-ffnvcodec --enable-libvpl --enable-nvdec --enable-nvenc --enable-vaapi --enable-openal --enable-libgme --enable-libopenmpt --enable-libopencore-amrwb --enable-libmp3lame --enable-libtheora --enable-libvo-amrwbenc --enable-libgsm --enable-libopencore-amrnb --enable-libopus --enable-libspeex --enable-libvorbis --enable-librubberband
  libavutil      60. 26.102 / 60. 26.102
  libavcodec     62. 28.102 / 62. 28.102
  libavformat    62. 12.102 / 62. 12.102
  libavdevice    62.  3.102 / 62.  3.102
  libavfilter    11. 14.102 / 11. 14.102
  libswscale      9.  5.102 /  9.  5.102
  libswresample   6.  3.102 /  6.  3.102
Input #0, mov,mp4,m4a,3gp,3g2,mj2, from 'C:\Users\s.tabatabaei\AppData\Local\Temp\rc_q_test.mp4':
  Metadata:
    major_brand     : isom
    minor_version   : 512
    compatible_brands: isomiso2mp41
    encoder         : Lavf62.12.102
  Duration: 00:00:04.00, start: 0.000000, bitrate: 72 kb/s
  Stream #0:0[0x1](und): Audio: aac (LC) (mp4a / 0x6134706D), 44100 Hz, mono, fltp, 69 kb/s (default)
    Metadata:
      handler_name    : SoundHandler
Stream mapping:
  Stream #0:0 -> #0:0 (aac (native) -> mp3 (libmp3lame))
Press [q] to stop, [?] for help
Output #0, mp3, to 'C:\Users\s.tabatabaei\AppData\Local\Temp\rc_q_test (48kbps).mp3':
  Metadata:
    major_brand     : isom
    minor_version   : 512
    compatible_brands: isomiso2mp41
    TSSE            : Lavf62.12.102
  Stream #0:0(und): Audio: mp3, 44100 Hz, mono, fltp, 48 kb/s (default)
    Metadata:
      encoder         : Lavc62.28.102 libmp3lame
      handler_name    : SoundHandler
[out#0/mp3 @ 000001b0ccf44f00] video:0KiB audio:24KiB subtitle:0KiB other streams:0KiB global headers:0KiB muxing overhead: 1.341895%
size=      24KiB time=00:00:04.01 bitrate=  49.0kbits/s speed= 105x elapsed=0:00:00.03    

[2026-09-23 22:14:16] Conversion finished successfully.
[2026-09-23 22:14:16] Script called with argument: C:\Users\s.tabatabaei\AppData\Local\Temp\rc_q_test.mp4 (quality: 56)
[2026-09-23 22:14:16] Starting conversion. Quality='56' (56 kbps) Input='C:\Users\s.tabatabaei\AppData\Local\Temp\rc_q_test.mp4' Output='C:\Users\s.tabatabaei\AppData\Local\Temp\rc_q_test (56kbps).mp3'
[2026-09-23 22:14:16] Running command: C:\Users\s.tabatabaei\Documents\saberprojects\windows-rightclick-mp4-to-mp3\ffmpeg\ffmpeg.exe -y -i C:\Users\s.tabatabaei\AppData\Local\Temp\rc_q_test.mp4 -c:a libmp3lame -b:a 56k C:\Users\s.tabatabaei\AppData\Local\Temp\rc_q_test (56kbps).mp3
[2026-09-23 22:14:16] ffmpeg return code: 0
[2026-09-23 22:14:16] ffmpeg stderr:
[2026-09-23 22:14:16] ffmpeg version 8.1.2-essentials_build-www.gyan.dev Copyright (c) 2000-2026 the FFmpeg developers
  built with gcc 16.1.0 (Rev2, Built by MSYS2 project)
  configuration: --enable-gpl --enable-version3 --enable-static --disable-w32threads --disable-autodetect --enable-cairo --enable-fontconfig --enable-iconv --enable-gnutls --enable-libxml2 --enable-gmp --enable-bzlib --enable-lzma --enable-zlib --enable-libsrt --enable-libssh --enable-libzmq --enable-avisynth --enable-sdl2 --enable-libwebp --enable-libx264 --enable-libx265 --enable-libxvid --enable-libaom --enable-libopenjpeg --enable-libvpx --enable-mediafoundation --enable-libass --enable-libfreetype --enable-libfribidi --enable-libharfbuzz --enable-libvidstab --enable-libvmaf --enable-libzimg --enable-amf --enable-cuda-llvm --enable-cuvid --enable-dxva2 --enable-d3d11va --enable-d3d12va --enable-ffnvcodec --enable-libvpl --enable-nvdec --enable-nvenc --enable-vaapi --enable-openal --enable-libgme --enable-libopenmpt --enable-libopencore-amrwb --enable-libmp3lame --enable-libtheora --enable-libvo-amrwbenc --enable-libgsm --enable-libopencore-amrnb --enable-libopus --enable-libspeex --enable-libvorbis --enable-librubberband
  libavutil      60. 26.102 / 60. 26.102
  libavcodec     62. 28.102 / 62. 28.102
  libavformat    62. 12.102 / 62. 12.102
  libavdevice    62.  3.102 / 62.  3.102
  libavfilter    11. 14.102 / 11. 14.102
  libswscale      9.  5.102 /  9.  5.102
  libswresample   6.  3.102 /  6.  3.102
Input #0, mov,mp4,m4a,3gp,3g2,mj2, from 'C:\Users\s.tabatabaei\AppData\Local\Temp\rc_q_test.mp4':
  Metadata:
    major_brand     : isom
    minor_version   : 512
    compatible_brands: isomiso2mp41
    encoder         : Lavf62.12.102
  Duration: 00:00:04.00, start: 0.000000, bitrate: 72 kb/s
  Stream #0:0[0x1](und): Audio: aac (LC) (mp4a / 0x6134706D), 44100 Hz, mono, fltp, 69 kb/s (default)
    Metadata:
      handler_name    : SoundHandler
Stream mapping:
  Stream #0:0 -> #0:0 (aac (native) -> mp3 (libmp3lame))
Press [q] to stop, [?] for help
Output #0, mp3, to 'C:\Users\s.tabatabaei\AppData\Local\Temp\rc_q_test (56kbps).mp3':
  Metadata:
    major_brand     : isom
    minor_version   : 512
    compatible_brands: isomiso2mp41
    TSSE            : Lavf62.12.102
  Stream #0:0(und): Audio: mp3, 44100 Hz, mono, fltp, 56 kb/s (default)
    Metadata:
      encoder         : Lavc62.28.102 libmp3lame
      handler_name    : SoundHandler
[out#0/mp3 @ 0000027afa4f6280] video:0KiB audio:28KiB subtitle:0KiB other streams:0KiB global headers:0KiB muxing overhead: 1.150236%
size=      28KiB time=00:00:04.01 bitrate=  57.1kbits/s speed=  92x elapsed=0:00:00.04    

[2026-09-23 22:14:16] Conversion finished successfully.
[2026-09-23 22:14:16] Script called with argument: C:\Users\s.tabatabaei\AppData\Local\Temp\rc_q_test.mp4 (quality: 64)
[2026-09-23 22:14:16] Starting conversion. Quality='64' (64 kbps) Input='C:\Users\s.tabatabaei\AppData\Local\Temp\rc_q_test.mp4' Output='C:\Users\s.tabatabaei\AppData\Local\Temp\rc_q_test (64kbps).mp3'
[2026-09-23 22:14:16] Running command: C:\Users\s.tabatabaei\Documents\saberprojects\windows-rightclick-mp4-to-mp3\ffmpeg\ffmpeg.exe -y -i C:\Users\s.tabatabaei\AppData\Local\Temp\rc_q_test.mp4 -c:a libmp3lame -b:a 64k C:\Users\s.tabatabaei\AppData\Local\Temp\rc_q_test (64kbps).mp3
[2026-09-23 22:14:16] ffmpeg return code: 0
[2026-09-23 22:14:16] ffmpeg stderr:
[2026-09-23 22:14:16] ffmpeg version 8.1.2-essentials_build-www.gyan.dev Copyright (c) 2000-2026 the FFmpeg developers
  built with gcc 16.1.0 (Rev2, Built by MSYS2 project)
  configuration: --enable-gpl --enable-version3 --enable-static --disable-w32threads --disable-autodetect --enable-cairo --enable-fontconfig --enable-iconv --enable-gnutls --enable-libxml2 --enable-gmp --enable-bzlib --enable-lzma --enable-zlib --enable-libsrt --enable-libssh --enable-libzmq --enable-avisynth --enable-sdl2 --enable-libwebp --enable-libx264 --enable-libx265 --enable-libxvid --enable-libaom --enable-libopenjpeg --enable-libvpx --enable-mediafoundation --enable-libass --enable-libfreetype --enable-libfribidi --enable-libharfbuzz --enable-libvidstab --enable-libvmaf --enable-libzimg --enable-amf --enable-cuda-llvm --enable-cuvid --enable-dxva2 --enable-d3d11va --enable-d3d12va --enable-ffnvcodec --enable-libvpl --enable-nvdec --enable-nvenc --enable-vaapi --enable-openal --enable-libgme --enable-libopenmpt --enable-libopencore-amrwb --enable-libmp3lame --enable-libtheora --enable-libvo-amrwbenc --enable-libgsm --enable-libopencore-amrnb --enable-libopus --enable-libspeex --enable-libvorbis --enable-librubberband
  libavutil      60. 26.102 / 60. 26.102
  libavcodec     62. 28.102 / 62. 28.102
  libavformat    62. 12.102 / 62. 12.102
  libavdevice    62.  3.102 / 62.  3.102
  libavfilter    11. 14.102 / 11. 14.102
  libswscale      9.  5.102 /  9.  5.102
  libswresample   6.  3.102 /  6.  3.102
Input #0, mov,mp4,m4a,3gp,3g2,mj2, from 'C:\Users\s.tabatabaei\AppData\Local\Temp\rc_q_test.mp4':
  Metadata:
    major_brand     : isom
    minor_version   : 512
    compatible_brands: isomiso2mp41
    encoder         : Lavf62.12.102
  Duration: 00:00:04.00, start: 0.000000, bitrate: 72 kb/s
  Stream #0:0[0x1](und): Audio: aac (LC) (mp4a / 0x6134706D), 44100 Hz, mono, fltp, 69 kb/s (default)
    Metadata:
      handler_name    : SoundHandler
Stream mapping:
  Stream #0:0 -> #0:0 (aac (native) -> mp3 (libmp3lame))
Press [q] to stop, [?] for help
Output #0, mp3, to 'C:\Users\s.tabatabaei\AppData\Local\Temp\rc_q_test (64kbps).mp3':
  Metadata:
    major_brand     : isom
    minor_version   : 512
    compatible_brands: isomiso2mp41
    TSSE            : Lavf62.12.102
  Stream #0:0(und): Audio: mp3, 44100 Hz, mono, fltp, 64 kb/s (default)
    Metadata:
      encoder         : Lavc62.28.102 libmp3lame
      handler_name    : SoundHandler
[out#0/mp3 @ 000001d85b496100] video:0KiB audio:32KiB subtitle:0KiB other streams:0KiB global headers:0KiB muxing overhead: 1.086722%
size=      32KiB time=00:00:04.01 bitrate=  65.2kbits/s speed=95.8x elapsed=0:00:00.04    

[2026-09-23 22:14:16] Conversion finished successfully.
[2026-09-23 22:41:26] [m4a] Unknown quality 'test48.m4a', falling back to 'high'.
[2026-09-23 22:41:26] [m4a] Script called with argument: 48 (quality: high)
[2026-09-23 22:41:26] [m4a] Starting conversion. Quality='high' (High (320 kbps)) Input='48' Output='48.mp3'
[2026-09-23 22:41:26] [m4a] Running command: C:\Users\s.tabatabaei\Documents\saberprojects\windows-rightclick-mp4-to-mp3\ffmpeg\ffmpeg.exe -y -i 48 -c:a libmp3lame -b:a 320k 48.mp3
[2026-09-23 22:41:26] [m4a] ffmpeg return code: 4294967294
[2026-09-23 22:41:26] [m4a] ffmpeg stderr:
[2026-09-23 22:41:26] [m4a] ffmpeg version 8.1.2-essentials_build-www.gyan.dev Copyright (c) 2000-2026 the FFmpeg developers
  built with gcc 16.1.0 (Rev2, Built by MSYS2 project)
  configuration: --enable-gpl --enable-version3 --enable-static --disable-w32threads --disable-autodetect --enable-cairo --enable-fontconfig --enable-iconv --enable-gnutls --enable-libxml2 --enable-gmp --enable-bzlib --enable-lzma --enable-zlib --enable-libsrt --enable-libssh --enable-libzmq --enable-avisynth --enable-sdl2 --enable-libwebp --enable-libx264 --enable-libx265 --enable-libxvid --enable-libaom --enable-libopenjpeg --enable-libvpx --enable-mediafoundation --enable-libass --enable-libfreetype --enable-libfribidi --enable-libharfbuzz --enable-libvidstab --enable-libvmaf --enable-libzimg --enable-amf --enable-cuda-llvm --enable-cuvid --enable-dxva2 --enable-d3d11va --enable-d3d12va --enable-ffnvcodec --enable-libvpl --enable-nvdec --enable-nvenc --enable-vaapi --enable-openal --enable-libgme --enable-libopenmpt --enable-libopencore-amrwb --enable-libmp3lame --enable-libtheora --enable-libvo-amrwbenc --enable-libgsm --enable-libopencore-amrnb --enable-libopus --enable-libspeex --enable-libvorbis --enable-librubberband
  libavutil      60. 26.102 / 60. 26.102
  libavcodec     62. 28.102 / 62. 28.102
  libavformat    62. 12.102 / 62. 12.102
  libavdevice    62.  3.102 / 62.  3.102
  libavfilter    11. 14.102 / 11. 14.102
  libswscale      9.  5.102 /  9.  5.102
  libswresample   6.  3.102 /  6.  3.102
[in#0 @ 00000285a51dc140] Error opening input: No such file or directory
Error opening input file 48.
Error opening input files: No such file or directory

[2026-09-23 22:41:26] [m4a] ffmpeg failed with code 4294967294. See debug.log for details.
[2026-09-23 22:42:54] [m4a] Script called with argument: C:\Users\s.tabatabaei\Documents\saberprojects\windows-rightclick-mp4-to-mp3\test_m4a.m4a (quality: 48)
[2026-09-23 22:42:54] [m4a] Starting conversion. Quality='48' (48 kbps) Input='C:\Users\s.tabatabaei\Documents\saberprojects\windows-rightclick-mp4-to-mp3\test_m4a.m4a' Output='C:\Users\s.tabatabaei\Documents\saberprojects\windows-rightclick-mp4-to-mp3\test_m4a (48kbps).mp3'
[2026-09-23 22:42:54] [m4a] Running command: C:\Users\s.tabatabaei\Documents\saberprojects\windows-rightclick-mp4-to-mp3\ffmpeg\ffmpeg.exe -y -i C:\Users\s.tabatabaei\Documents\saberprojects\windows-rightclick-mp4-to-mp3\test_m4a.m4a -c:a libmp3lame -b:a 48k C:\Users\s.tabatabaei\Documents\saberprojects\windows-rightclick-mp4-to-mp3\test_m4a (48kbps).mp3
[2026-09-23 22:42:54] [m4a] ffmpeg return code: 4294967294
[2026-09-23 22:42:54] [m4a] ffmpeg stderr:
[2026-09-23 22:42:54] [m4a] ffmpeg version 8.1.2-essentials_build-www.gyan.dev Copyright (c) 2000-2026 the FFmpeg developers
  built with gcc 16.1.0 (Rev2, Built by MSYS2 project)
  configuration: --enable-gpl --enable-version3 --enable-static --disable-w32threads --disable-autodetect --enable-cairo --enable-fontconfig --enable-iconv --enable-gnutls --enable-libxml2 --enable-gmp --enable-bzlib --enable-lzma --enable-zlib --enable-libsrt --enable-libssh --enable-libzmq --enable-avisynth --enable-sdl2 --enable-libwebp --enable-libx264 --enable-libx265 --enable-libxvid --enable-libaom --enable-libopenjpeg --enable-libvpx --enable-mediafoundation --enable-libass --enable-libfreetype --enable-libfribidi --enable-libharfbuzz --enable-libvidstab --enable-libvmaf --enable-libzimg --enable-amf --enable-cuda-llvm --enable-cuvid --enable-dxva2 --enable-d3d11va --enable-d3d12va --enable-ffnvcodec --enable-libvpl --enable-nvdec --enable-nvenc --enable-vaapi --enable-openal --enable-libgme --enable-libopenmpt --enable-libopencore-amrwb --enable-libmp3lame --enable-libtheora --enable-libvo-amrwbenc --enable-libgsm --enable-libopencore-amrnb --enable-libopus --enable-libspeex --enable-libvorbis --enable-librubberband
  libavutil      60. 26.102 / 60. 26.102
  libavcodec     62. 28.102 / 62. 28.102
  libavformat    62. 12.102 / 62. 12.102
  libavdevice    62.  3.102 / 62.  3.102
  libavfilter    11. 14.102 / 11. 14.102
  libswscale      9.  5.102 /  9.  5.102
  libswresample   6.  3.102 /  6.  3.102
[in#0 @ 000001d673cad900] Error opening input: No such file or directory
Error opening input file C:\Users\s.tabatabaei\Documents\saberprojects\windows-rightclick-mp4-to-mp3\test_m4a.m4a.
Error opening input files: No such file or directory

[2026-09-23 22:42:54] [m4a] ffmpeg failed with code 4294967294. See debug.log for details.
[2026-09-23 22:43:39] [m4a] Script called with argument: c:\Users\s.tabatabaei\Documents\saberprojects\windows-rightclick-mp4-to-mp3\test_m4a.m4a (quality: 48)
[2026-09-23 22:43:39] [m4a] Starting conversion. Quality='48' (48 kbps) Input='c:\Users\s.tabatabaei\Documents\saberprojects\windows-rightclick-mp4-to-mp3\test_m4a.m4a' Output='c:\Users\s.tabatabaei\Documents\saberprojects\windows-rightclick-mp4-to-mp3\test_m4a (48kbps).mp3'
[2026-09-23 22:43:39] [m4a] Running command: C:\Users\s.tabatabaei\Documents\saberprojects\windows-rightclick-mp4-to-mp3\ffmpeg\ffmpeg.exe -y -i c:\Users\s.tabatabaei\Documents\saberprojects\windows-rightclick-mp4-to-mp3\test_m4a.m4a -c:a libmp3lame -b:a 48k c:\Users\s.tabatabaei\Documents\saberprojects\windows-rightclick-mp4-to-mp3\test_m4a (48kbps).mp3
[2026-09-23 22:43:39] [m4a] ffmpeg return code: 0
[2026-09-23 22:43:39] [m4a] ffmpeg stderr:
[2026-09-23 22:43:39] [m4a] ffmpeg version 8.1.2-essentials_build-www.gyan.dev Copyright (c) 2000-2026 the FFmpeg developers
  built with gcc 16.1.0 (Rev2, Built by MSYS2 project)
  configuration: --enable-gpl --enable-version3 --enable-static --disable-w32threads --disable-autodetect --enable-cairo --enable-fontconfig --enable-iconv --enable-gnutls --enable-libxml2 --enable-gmp --enable-bzlib --enable-lzma --enable-zlib --enable-libsrt --enable-libssh --enable-libzmq --enable-avisynth --enable-sdl2 --enable-libwebp --enable-libx264 --enable-libx265 --enable-libxvid --enable-libaom --enable-libopenjpeg --enable-libvpx --enable-mediafoundation --enable-libass --enable-libfreetype --enable-libfribidi --enable-libharfbuzz --enable-libvidstab --enable-libvmaf --enable-libzimg --enable-amf --enable-cuda-llvm --enable-cuvid --enable-dxva2 --enable-d3d11va --enable-d3d12va --enable-ffnvcodec --enable-libvpl --enable-nvdec --enable-nvenc --enable-vaapi --enable-openal --enable-libgme --enable-libopenmpt --enable-libopencore-amrwb --enable-libmp3lame --enable-libtheora --enable-libvo-amrwbenc --enable-libgsm --enable-libopencore-amrnb --enable-libopus --enable-libspeex --enable-libvorbis --enable-librubberband
  libavutil      60. 26.102 / 60. 26.102
  libavcodec     62. 28.102 / 62. 28.102
  libavformat    62. 12.102 / 62. 12.102
  libavdevice    62.  3.102 / 62.  3.102
  libavfilter    11. 14.102 / 11. 14.102
  libswscale      9.  5.102 /  9.  5.102
  libswresample   6.  3.102 /  6.  3.102
Input #0, mov,mp4,m4a,3gp,3g2,mj2, from 'c:\Users\s.tabatabaei\Documents\saberprojects\windows-rightclick-mp4-to-mp3\test_m4a.m4a':
  Metadata:
    major_brand     : M4A 
    minor_version   : 512
    compatible_brands: M4A isomiso2
    encoder         : Lavf62.12.102
  Duration: 00:00:03.00, start: 0.000000, bitrate: 73 kb/s
  Stream #0:0[0x1](und): Audio: aac (LC) (mp4a / 0x6134706D), 44100 Hz, mono, fltp, 69 kb/s (default)
    Metadata:
      handler_name    : SoundHandler
Stream mapping:
  Stream #0:0 -> #0:0 (aac (native) -> mp3 (libmp3lame))
Press [q] to stop, [?] for help
Output #0, mp3, to 'c:\Users\s.tabatabaei\Documents\saberprojects\windows-rightclick-mp4-to-mp3\test_m4a (48kbps).mp3':
  Metadata:
    major_brand     : M4A 
    minor_version   : 512
    compatible_brands: M4A isomiso2
    TSSE            : Lavf62.12.102
  Stream #0:0(und): Audio: mp3, 44100 Hz, mono, fltp, 48 kb/s (default)
    Metadata:
      encoder         : Lavc62.28.102 libmp3lame
      handler_name    : SoundHandler
[out#0/mp3 @ 000001bb5fe87740] video:0KiB audio:18KiB subtitle:0KiB other streams:0KiB global headers:0KiB muxing overhead: 1.777729%
size=      18KiB time=00:00:03.01 bitrate=  49.5kbits/s speed=79.1x elapsed=0:00:00.03    

[2026-09-23 22:43:39] [m4a] Conversion finished successfully.
[2026-09-23 22:59:15] [m4a] Script called with argument: C:\Users\s.tabatabaei\Downloads\جراحی_تناقض_های_مالی_و_بحران_نقدینگی_تک_سایز.m4a (quality: 64)
[2026-09-23 22:59:15] [m4a] Starting conversion. Quality='64' (64 kbps) Input='C:\Users\s.tabatabaei\Downloads\جراحی_تناقض_های_مالی_و_بحران_نقدینگی_تک_سایز.m4a' Output='C:\Users\s.tabatabaei\Downloads\جراحی_تناقض_های_مالی_و_بحران_نقدینگی_تک_سایز (64kbps).mp3'
[2026-09-23 22:59:15] [m4a] Running command: C:\Users\s.tabatabaei\Documents\saberprojects\windows-rightclick-mp4-to-mp3\ffmpeg\ffmpeg.exe -y -i C:\Users\s.tabatabaei\Downloads\جراحی_تناقض_های_مالی_و_بحران_نقدینگی_تک_سایز.m4a -c:a libmp3lame -b:a 64k C:\Users\s.tabatabaei\Downloads\جراحی_تناقض_های_مالی_و_بحران_نقدینگی_تک_سایز (64kbps).mp3
[2026-09-23 22:59:25] [m4a] ffmpeg return code: 0
[2026-09-23 22:59:25] [m4a] ffmpeg stderr:
[2026-09-23 22:59:25] [m4a] ffmpeg version 8.1.2-essentials_build-www.gyan.dev Copyright (c) 2000-2026 the FFmpeg developers
  built with gcc 16.1.0 (Rev2, Built by MSYS2 project)
  configuration: --enable-gpl --enable-version3 --enable-static --disable-w32threads --disable-autodetect --enable-cairo --enable-fontconfig --enable-iconv --enable-gnutls --enable-libxml2 --enable-gmp --enable-bzlib --enable-lzma --enable-zlib --enable-libsrt --enable-libssh --enable-libzmq --enable-avisynth --enable-sdl2 --enable-libwebp --enable-libx264 --enable-libx265 --enable-libxvid --enable-libaom --enable-libopenjpeg --enable-libvpx --enable-mediafoundation --enable-libass --enable-libfreetype --enable-libfribidi --enable-libharfbuzz --enable-libvidstab --enable-libvmaf --enable-libzimg --enable-amf --enable-cuda-llvm --enable-cuvid --enable-dxva2 --enable-d3d11va --enable-d3d12va --enable-ffnvcodec --enable-libvpl --enable-nvdec --enable-nvenc --enable-vaapi --enable-openal --enable-libgme --enable-libopenmpt --enable-libopencore-amrwb --enable-libmp3lame --enable-libtheora --enable-libvo-amrwbenc --enable-libgsm --enable-libopencore-amrnb --enable-libopus --enable-libspeex --enable-libvorbis --enable-librubberband
  libavutil      60. 26.102 / 60. 26.102
  libavcodec     62. 28.102 / 62. 28.102
  libavformat    62. 12.102 / 62. 12.102
  libavdevice    62.  3.102 / 62.  3.102
  libavfilter    11. 14.102 / 11. 14.102
  libswscale      9.  5.102 /  9.  5.102
  libswresample   6.  3.102 /  6.  3.102
Input #0, mov,mp4,m4a,3gp,3g2,mj2, from 'C:\Users\s.tabatabaei\Downloads\Ø¬Ø±Ø§Ø­ÛŒ_ØªÙ†Ø§Ù‚Ø¶_Ù‡Ø§ÛŒ_Ù…Ø§Ù„ÛŒ_Ùˆ_Ø¨Ø­Ø±Ø§Ù†_Ù†Ù‚Ø¯ÛŒÙ†Ú¯ÛŒ_ØªÚ©_Ø³Ø§ÛŒØ².m4a':
  Metadata:
    major_brand     : dash
    minor_version   : 0
    compatible_brands: iso6mp41
    creation_time   : 2026-09-23T18:03:01.000000Z
    encoder         : Google
  Duration: 00:11:54.85, start: 0.000000, bitrate: 257 kb/s
  Stream #0:0[0x1](und): Audio: aac (LC) (mp4a / 0x6134706D), 44100 Hz, stereo, fltp, 256 kb/s (default)
    Metadata:
      creation_time   : 2026-09-23T18:03:01.000000Z
      handler_name    : ISO Media file produced by Google Inc.
Stream mapping:
  Stream #0:0 -> #0:0 (aac (native) -> mp3 (libmp3lame))
Press [q] to stop, [?] for help
Output #0, mp3, to 'C:\Users\s.tabatabaei\Downloads\Ø¬Ø±Ø§Ø­ÛŒ_ØªÙ†Ø§Ù‚Ø¶_Ù‡Ø§ÛŒ_Ù…Ø§Ù„ÛŒ_Ùˆ_Ø¨Ø­Ø±Ø§Ù†_Ù†Ù‚Ø¯ÛŒÙ†Ú¯ÛŒ_ØªÚ©_Ø³Ø§ÛŒØ² (64kbps).mp3':
  Metadata:
    major_brand     : dash
    minor_version   : 0
    compatible_brands: iso6mp41
    TSSE            : Lavf62.12.102
  Stream #0:0(und): Audio: mp3, 44100 Hz, stereo, fltp, 64 kb/s (default)
    Metadata:
      encoder         : Lavc62.28.102 libmp3lame
      creation_time   : 2026-09-23T18:03:01.000000Z
      handler_name    : ISO Media file produced by Google Inc.
size=     256KiB time=00:00:36.20 bitrate=  57.9kbits/s speed=71.6x elapsed=0:00:00.50    
size=     512KiB time=00:01:17.45 bitrate=  54.2kbits/s speed=75.9x elapsed=0:00:01.02    
size=     768KiB time=00:01:59.72 bitrate=  52.6kbits/s speed=77.3x elapsed=0:00:01.54    
size=    1024KiB time=00:02:41.96 bitrate=  51.8kbits/s speed=78.5x elapsed=0:00:02.06    
size=    1536KiB time=00:03:23.96 bitrate=  61.7kbits/s speed=79.1x elapsed=0:00:02.57    
size=    1792KiB time=00:04:05.78 bitrate=  59.7kbits/s speed=79.5x elapsed=0:00:03.09    
size=    2048KiB time=00:04:47.84 bitrate=  58.3kbits/s speed=79.8x elapsed=0:00:03.60    
size=    2560KiB time=00:05:30.52 bitrate=  63.4kbits/s speed=80.1x elapsed=0:00:04.12    
size=    2816KiB time=00:06:12.71 bitrate=  61.9kbits/s speed=80.4x elapsed=0:00:04.63    
size=    3072KiB time=00:06:54.95 bitrate=  60.6kbits/s speed=80.5x elapsed=0:00:05.15    
size=    3328KiB time=00:07:36.85 bitrate=  59.7kbits/s speed=80.6x elapsed=0:00:05.66    
size=    3840KiB time=00:08:16.87 bitrate=  63.3kbits/s speed=80.4x elapsed=0:00:06.17    
size=    4096KiB time=00:08:59.53 bitrate=  62.2kbits/s speed=80.6x elapsed=0:00:06.69    
size=    4352KiB time=00:09:41.04 bitrate=  61.4kbits/s speed=80.6x elapsed=0:00:07.21    
size=    4608KiB time=00:10:20.27 bitrate=  60.9kbits/s speed=80.3x elapsed=0:00:07.72    
size=    5120KiB time=00:11:00.76 bitrate=  63.5kbits/s speed=80.2x elapsed=0:00:08.24    
size=    5376KiB time=00:11:43.29 bitrate=  62.6kbits/s speed=80.3x elapsed=0:00:08.75    
[out#0/mp3 @ 0000020507ef6e00] video:0KiB audio:5585KiB subtitle:0KiB other streams:0KiB global headers:0KiB muxing overhead: 0.006050%
size=    5585KiB time=00:11:54.84 bitrate=  64.0kbits/s speed=80.2x elapsed=0:00:08.91    

[2026-09-23 22:59:25] [m4a] Conversion finished successfully.
